+---------------------------------------------------------------------+
|  Log file: mau.characterize.log                                     |
|  Compiler version: 9.8.0                                            |
|  Created on: Thu Sep 19 23:16:41 2024                               |
|  Run ID: 3943d845dd38b6ce                                           |
+---------------------------------------------------------------------+

Match+Action Resource Usage
-------------------------------------------------------------------------------------------------------------------------------------------------------------------------------------------------------------------------------------------------------------------
|            1             |  2  |   3   |    4    |  5   |        6        |   7   |     8     |     9     |    10   |   11  |          12         |     13    |     14    |     15    |   16   |     17    |    18    |    19    |    20   |    21   |    22   |
|          Table           | Dir | Stage |    P4   | Mem  |      Total      | Total |   Table   |   Match   |   TCAM  |  SRAM |        Match        |    Imm.   |    TCAM   |    SRAM   |   P4   |   Action  |  Ideal   |  Actual  |   TCAM  |   SRAM  |   SRAM  |
|           Name           |     |       |  Lookup | Type |      SRAMs      | TCAMs |  Entries  |    Bits   |  Over-  | Over- |       Overhead      |   Action  |    Bits   |    Bits   | Action |    Bits   |  Match   |  Match   |  Match  |  Match  |  Action |
|                          |     |       | Type(s) |      | TOT(M/A/S/MT/I) |       | Requested |    Per    |   head  |  head |      Structure      |    Data   |    Per    |    Per    |  Bits  |    Per    | Entries- | Entries- | Packing | Packing | Packing |
|                          |     |       |         |      |     (legend     |       |     /     |   Entry   |   Bits  |  Bits | NT/AI/AD/M/S/SL/V/I |     in    |   Entry   |   Entry   |        |   Entry   |  Number  |  Number  |   Eff.  |   Eff.  |   Eff.  |
|                          |     |       |         |      |      below)     |       | Allocated | R/A(diff) |   Per   |  Per  |       (legend       |  Overhead | R/A(diff) | R/A(diff) |        | R/A(diff) |   Per    |   Per    |  Ideal/ |  Ideal/ |  Ideal/ |
|                          |     |       |         |      |                 |       |   (diff)  |           |  Entry  | Entry |        below)       | R/A(diff) |           |           |        |           |  Memory  |  Memory  |  Actual |  Actual |  Actual |
|                          |     |       |         |      |                 |       |           |           | ver/vld |       |                     |           |           |           |        |           |  Units   |  Units   |         |         |         |
|                          |     |       |         |      |                 |       |           |           |         |       |                     |           |           |           |        |           |  (bits)  |  (bits)  |         |         |         |
-------------------------------------------------------------------------------------------------------------------------------------------------------------------------------------------------------------------------------------------------------------------
|                          |     |       |         |      |                 |       |           |           |         |       |                     |           |           |           |        |           |          |          |         |         |         |
| overall totals (ingress) |  -  |   -   |    -    |  -   |  0 (0/0/0/0/0)  |   0   |     -     |     -     |    -    |   -   |          -          |     -     |     -     |     -     |   -    |     -     |    -     |    -     |    -    |    -    |    -    |
|                          |     |       |         |      |                 |       |           |           |         |       |                     |           |           |           |        |           |          |          |         |         |         |
| overall totals (egress)  |  -  |   -   |    -    |  -   |  0 (0/0/0/0/0)  |   0   |     -     |     -     |    -    |   -   |          -          |     -     |     -     |     -     |   -    |     -     |    -     |    -     |    -    |    -    |    -    |
|                          |     |       |         |      |                 |       |           |           |         |       |                     |           |           |           |        |           |          |          |         |         |         |
|      overall totals      |  -  |   -   |    -    |  -   |  0 (0/0/0/0/0)  |   0   |     -     |     -     |    -    |   -   |          -          |     -     |     -     |     -     |   -    |     -     |    -     |    -     |    -    |    -    |    -    |
-------------------------------------------------------------------------------------------------------------------------------------------------------------------------------------------------------------------------------------------------------------------

Total SRAMs Legend:
TOT (M/A/S/MT/I)
TOT = Total
M = Match
A = Action
S = Statistics
MT = Meter / Stateful / Selection
I = Ternary Indirection

Match Overhead Structure Legend:
NT/AI/AD/M/S/SL/V/I
NT = Next Table Pointer
AI = Action Instruction Pointer
AD = Action Data Pointer
M = Meter/Selection/Stateful Pointer
S = Statistics Pointer
SL = Selection Length
V = Entry Version
I = Immediate Action Data





+----------------------------------------------------------------+
    OVERHEAD STRUCTURES
+----------------------------------------------------------------+






+----------------------------------------------------------------+
    MATCH AND ACTION FORMATS
+----------------------------------------------------------------+

