Parser Characterization Report:
Number of states on ingress: 13

Number of matches on ingress: 19

Longest path (11 states) on ingress:
    $entry_point
    start
    start.$oob_stall_0
    TofinoIngressParser_parse_port_metadata
    parse_recirculate
    parse_recirculate_gamma
    parse_ethernet
    parse_ipv4
    parse_udp
    parse_attention
    parse_attention.$split_0

Shortest path (2 states) on ingress:
    $entry_point
    start

Average rate: 6.63636 Bps
Min packet size at 100 Gbps: 113 B (40 B payload)
Max data rate for min-sized packets: 64.66 Gbps / 110.719 MPps

Extractor usage:
+------------------------------------------------------+------------+-------+--------+--------+---------------------------+-----------+
|State                                                 |Match       |8-bit  |16-bit  |32-bit  |Total Extractors (16-bit)  |Other      |
+------------------------------------------------------+------------+-------+--------+--------+---------------------------+-----------+
|$entry_point                                          |*           |0      |0       |0       |0                          |           |
|start                                                 |0b1*******  |0      |0       |0       |0                          |           |
|-                                                     |0b0*******  |0      |0       |0       |0                          |           |
|start.$oob_stall_0                                    |*           |0      |0       |0       |0                          |           |
|TofinoIngressParser_parse_port_metadata               |0xdc        |0      |0       |0       |0                          |           |
|-                                                     |0x**        |0      |0       |0       |0                          |           |
|TofinoIngressParser_parse_port_metadata.$oob_stall_0  |*           |0      |0       |0       |0                          |           |
|parse_recirculate                                     |0x00        |1      |0       |0       |1                          |clot 6     |
|-                                                     |0x01        |1      |0       |0       |1                          |clot 6     |
|parse_recirculate_attention                           |*           |1      |0       |0       |1                          |clot 1     |
|parse_recirculate_gamma                               |*           |1      |0       |0       |1                          |clot 4     |
|parse_ethernet                                        |0x0800      |1      |0       |0       |1                          |clot 2     |
|-                                                     |0x****      |1      |0       |0       |1                          |clot 2     |
|parse_ipv4                                            |0x11        |1      |0       |0       |1                          |clot 0     |
|-                                                     |0x**        |1      |0       |0       |1                          |clot 0     |
|parse_udp                                             |0x8888      |1      |0       |0       |1                          |clot 3     |
|-                                                     |0x****      |1      |0       |0       |1                          |clot 3     |
|parse_attention                                       |*           |1      |1       |7       |16                         |clot 5 7   |
|parse_attention.$split_0                              |*           |0      |0       |1       |2                          |clot 7     |
+------------------------------------------------------+------------+-------+--------+--------+---------------------------+-----------+
Number of states on egress: 1

Number of matches on egress: 1

Longest path (1 states) on egress:
    $entry_point.start

Shortest path (1 states) on egress:
    $entry_point.start

Timing is met for min-sized packet (73 B) running at 100 Gbps

Extractor usage:
+--------------------+-------+-------+--------+--------+---------------------------+-------+
|State               |Match  |8-bit  |16-bit  |32-bit  |Total Extractors (16-bit)  |Other  |
+--------------------+-------+-------+--------+--------+---------------------------+-------+
|$entry_point.start  |*      |1      |2       |0       |3                          |       |
+--------------------+-------+-------+--------+--------+---------------------------+-------+
