Allocation history of config default_alloc_config
1: TRYING to allocate SUPERCLUSTER Uid: 2457
    slice lists:	
        [ ingress::hdr.recirculate.$valid<1> pov [0:0]
          ingress::hdr.recirculate_gamma.$valid<1> pov [0:0]
          ingress::hdr.ethernet.$valid<1> pov [0:0]
          ingress::hdr.ipv4.$valid<1> pov [0:0]
          ingress::hdr.udp.$valid<1> pov [0:0]
          ingress::hdr.attention.$valid<1> pov [0:0]
          ingress::hdr.attention_data.$valid<1> pov [0:0]
          ingress::hdr.recirculate_attention.$valid<1> pov [0:0] ]
    rotational clusters:	
        [[ingress::hdr.recirculate.$valid<1> pov [0:0]]]
        [[ingress::hdr.recirculate_gamma.$valid<1> pov [0:0]]]
        [[ingress::hdr.ethernet.$valid<1> pov [0:0]]]
        [[ingress::hdr.ipv4.$valid<1> pov [0:0]]]
        [[ingress::hdr.udp.$valid<1> pov [0:0]]]
        [[ingress::hdr.attention.$valid<1> pov [0:0]]]
        [[ingress::hdr.attention_data.$valid<1> pov [0:0]]]
        [[ingress::hdr.recirculate_attention.$valid<1> pov [0:0]]]
Successfully Allocated
By slicing into the following superclusters:
SUPERCLUSTER Uid: 2461
    slice lists:	
        [ ingress::hdr.recirculate.$valid<1> pov [0:0]
          ingress::hdr.recirculate_gamma.$valid<1> pov [0:0]
          ingress::hdr.ethernet.$valid<1> pov [0:0]
          ingress::hdr.ipv4.$valid<1> pov [0:0]
          ingress::hdr.udp.$valid<1> pov [0:0]
          ingress::hdr.attention.$valid<1> pov [0:0]
          ingress::hdr.attention_data.$valid<1> pov [0:0]
          ingress::hdr.recirculate_attention.$valid<1> pov [0:0] ]
    rotational clusters:	
        [[ingress::hdr.recirculate.$valid<1> pov [0:0]]]
        [[ingress::hdr.recirculate_gamma.$valid<1> pov [0:0]]]
        [[ingress::hdr.ethernet.$valid<1> pov [0:0]]]
        [[ingress::hdr.ipv4.$valid<1> pov [0:0]]]
        [[ingress::hdr.udp.$valid<1> pov [0:0]]]
        [[ingress::hdr.attention.$valid<1> pov [0:0]]]
        [[ingress::hdr.attention_data.$valid<1> pov [0:0]]]
        [[ingress::hdr.recirculate_attention.$valid<1> pov [0:0]]]

Best Score: {[n_set_gress: 1, n_set_parser_group_gress: 1, n_set_deparser_group_gress: 1, n_inc_containers: 1, n_inc_small_containers: 1, ], }
Allocation Decisions:
allocate: B0[0:0] <- ingress::hdr.recirculate.$valid<1> pov [0:0] @[-1r,12w]
allocate: B0[1:1] <- ingress::hdr.recirculate_gamma.$valid<1> pov [0:0] @[-1r,12w]
allocate: B0[2:2] <- ingress::hdr.ethernet.$valid<1> pov [0:0] @[-1r,12w]
allocate: B0[3:3] <- ingress::hdr.ipv4.$valid<1> pov [0:0] @[-1r,12w]
allocate: B0[4:4] <- ingress::hdr.udp.$valid<1> pov [0:0] @[-1r,12w]
allocate: B0[5:5] <- ingress::hdr.attention.$valid<1> pov [0:0] @[-1r,12w]
allocate: B0[6:6] <- ingress::hdr.attention_data.$valid<1> pov [0:0] @[-1r,12w]
allocate: B0[7:7] <- ingress::hdr.recirculate_attention.$valid<1> pov [0:0] @[-1r,12w]
2: TRYING to allocate SUPERCLUSTER Uid: 2426
    slice lists:	
        [ egress::eg_intr_md_for_dprsr.mirror_io_select.$valid<1> meta pov [0:0]
          egress::eg_intr_md.egress_port.$valid<1> meta pov [0:0] ]
    rotational clusters:	
        [[egress::eg_intr_md_for_dprsr.mirror_io_select.$valid<1> meta pov [0:0]]]
        [[egress::eg_intr_md.egress_port.$valid<1> meta pov [0:0]]]
Successfully Allocated
By slicing into the following superclusters:
SUPERCLUSTER Uid: 2465
    slice lists:	
        [ egress::eg_intr_md_for_dprsr.mirror_io_select.$valid<1> meta pov [0:0]
          egress::eg_intr_md.egress_port.$valid<1> meta pov [0:0] ]
    rotational clusters:	
        [[egress::eg_intr_md_for_dprsr.mirror_io_select.$valid<1> meta pov [0:0]]]
        [[egress::eg_intr_md.egress_port.$valid<1> meta pov [0:0]]]

Best Score: {wasted_pov_bits: 6, [n_set_gress: 1, n_set_parser_group_gress: 1, n_set_deparser_group_gress: 1, n_inc_containers: 1, n_inc_small_containers: 1, ], }
Allocation Decisions:
allocate: B4[0:0] <- egress::eg_intr_md_for_dprsr.mirror_io_select.$valid<1> meta pov [0:0] @[-1r,12w]
allocate: B4[1:1] <- egress::eg_intr_md.egress_port.$valid<1> meta pov [0:0] @[-1r,12w]
3: TRYING to allocate SUPERCLUSTER Uid: 2344
    slice lists:	
        [ ingress::hdr.attention.gamma<8> ^0 ^bit[0..31] deparsed exact_containers mocha [0:7]
          ingress::hdr.attention.seq_id<8> ^0 ^bit[0..23] deparsed exact_containers mocha [0:7]
          ingress::hdr.attention.head_id<8> ^0 ^bit[0..15] deparsed exact_containers mocha [0:7]
          ingress::hdr.attention.layer_id<8> ^0 ^bit[0..7] deparsed exact_containers mocha [0:7] ]
        [ ingress::ig_md.gamma_max<8> meta no_split [0:7] ]
    rotational clusters:	
        [[ingress::ig_md.gamma_log_res<8> meta solitary no_split [0:7], ingress::ig_md.gamma_max<8> meta no_split [0:7], ingress::hdr.attention.gamma<8> ^0 ^bit[0..31] deparsed exact_containers mocha [0:7]]]
        [[ingress::hdr.attention.seq_id<8> ^0 ^bit[0..23] deparsed exact_containers mocha [0:7]]]
        [[ingress::hdr.attention.head_id<8> ^0 ^bit[0..15] deparsed exact_containers mocha [0:7]]]
        [[ingress::hdr.attention.layer_id<8> ^0 ^bit[0..7] deparsed exact_containers mocha [0:7]]]
Successfully Allocated
By slicing into the following superclusters:
SUPERCLUSTER Uid: 2472
    slice lists:	
        [ ingress::ig_md.gamma_max<8> meta no_split [0:7] ]
        [ ingress::hdr.attention.gamma<8> ^0 ^bit[0..31] deparsed exact_containers mocha [0:7]
          ingress::hdr.attention.seq_id<8> ^0 ^bit[0..23] deparsed exact_containers mocha [0:7] ]
    rotational clusters:	
        [[ingress::ig_md.gamma_log_res<8> meta solitary no_split [0:7], ingress::ig_md.gamma_max<8> meta no_split [0:7], ingress::hdr.attention.gamma<8> ^0 ^bit[0..31] deparsed exact_containers mocha [0:7]]]
        [[ingress::hdr.attention.seq_id<8> ^0 ^bit[0..23] deparsed exact_containers mocha [0:7]]]

SUPERCLUSTER Uid: 2473
    slice lists:	
        [ ingress::hdr.attention.head_id<8> ^0 ^bit[0..15] deparsed exact_containers mocha [0:7]
          ingress::hdr.attention.layer_id<8> ^0 ^bit[0..7] deparsed exact_containers mocha [0:7] ]
    rotational clusters:	
        [[ingress::hdr.attention.head_id<8> ^0 ^bit[0..15] deparsed exact_containers mocha [0:7]]]
        [[ingress::hdr.attention.layer_id<8> ^0 ^bit[0..7] deparsed exact_containers mocha [0:7]]]

Best Score: {M[n_set_gress: 1, n_set_parser_group_gress: 1, n_set_deparser_group_gress: 1, n_inc_containers: 1, n_clot_bits: 16, ], [n_set_gress: 2, n_inc_containers: 2, n_wasted_bits: 8, n_inc_small_containers: 2, n_mismatched_deparser_gress: 2, ], }
Allocation Decisions:
allocate: H0[0:7] <- ingress::ig_md.gamma_max<8> meta no_split [0:7] @[-1r,12w]
allocate: H1[0:7] <- ingress::ig_md.gamma_log_res<8> meta solitary no_split [0:7] @[-1r,12w]
allocate: MH0[0:7] <- ingress::hdr.attention.gamma<8> ^0 ^bit[0..31] deparsed exact_containers mocha [0:7] @[-1r,12w]
allocate: MH0[8:15] <- ingress::hdr.attention.seq_id<8> ^0 ^bit[0..23] deparsed exact_containers mocha [0:7] @[-1r,12w]
4: TRYING to allocate SUPERCLUSTER Uid: 2393
    slice lists:	[ ]
    rotational clusters:	
        [[ingress::ig_md.attention_3_local_res<8> meta solitary no_split [0:7], ingress::ig_md.attention_3_pkt_res<8> meta no_split [0:7]]]
Successfully Allocated
By slicing into the following superclusters:
SUPERCLUSTER Uid: 2485
    slice lists:	[ ]
    rotational clusters:	
        [[ingress::ig_md.attention_3_local_res<8> meta solitary no_split [0:7], ingress::ig_md.attention_3_pkt_res<8> meta no_split [0:7]]]

Best Score: {[n_overlay_bits: 16, n_wasted_bits: 8, ], }
Allocation Decisions:
allocate: H0[0:7] <- ingress::ig_md.attention_3_pkt_res<8> meta no_split [0:7] @[-1r,12w]
allocate: H1[0:7] <- ingress::ig_md.attention_3_local_res<8> meta solitary no_split [0:7] @[-1r,12w]
5: TRYING to allocate SUPERCLUSTER Uid: 2396
    slice lists:	[ ]
    rotational clusters:	
        [[ingress::ig_md.attention_6_local_res<8> meta solitary no_split [0:7], ingress::ig_md.attention_6_pkt_res<8> meta no_split [0:7]]]
Successfully Allocated
By slicing into the following superclusters:
SUPERCLUSTER Uid: 2486
    slice lists:	[ ]
    rotational clusters:	
        [[ingress::ig_md.attention_6_local_res<8> meta solitary no_split [0:7], ingress::ig_md.attention_6_pkt_res<8> meta no_split [0:7]]]

Best Score: {[n_set_gress: 2, n_inc_containers: 2, n_inc_small_containers: 2, n_mismatched_deparser_gress: 2, ], }
Allocation Decisions:
allocate: B5[0:7] <- ingress::ig_md.attention_6_pkt_res<8> meta no_split [0:7] @[-1r,12w]
allocate: B6[0:7] <- ingress::ig_md.attention_6_local_res<8> meta solitary no_split [0:7] @[-1r,12w]
6: TRYING to allocate SUPERCLUSTER Uid: 2408
    slice lists:	[ ]
    rotational clusters:	
        [[ingress::ig_md.attention_18_local_res<8> meta solitary no_split [0:7], ingress::ig_md.attention_18_pkt_res<8> meta no_split [0:7]]]
Successfully Allocated
By slicing into the following superclusters:
SUPERCLUSTER Uid: 2487
    slice lists:	[ ]
    rotational clusters:	
        [[ingress::ig_md.attention_18_local_res<8> meta solitary no_split [0:7], ingress::ig_md.attention_18_pkt_res<8> meta no_split [0:7]]]

Best Score: {[n_set_gress: 1, n_overlay_bits: 8, n_inc_containers: 1, n_inc_small_containers: 1, n_mismatched_deparser_gress: 1, ], }
Allocation Decisions:
allocate: B5[0:7] <- ingress::ig_md.attention_18_local_res<8> meta solitary no_split [0:7] @[-1r,12w]
allocate: B7[0:7] <- ingress::ig_md.attention_18_pkt_res<8> meta no_split [0:7] @[-1r,12w]
7: TRYING to allocate SUPERCLUSTER Uid: 2413
    slice lists:	[ ]
    rotational clusters:	
        [[ingress::ig_md.attention_23_local_res<8> meta solitary no_split [0:7], ingress::ig_md.attention_23_pkt_res<8> meta no_split [0:7]]]
Successfully Allocated
By slicing into the following superclusters:
SUPERCLUSTER Uid: 2488
    slice lists:	[ ]
    rotational clusters:	
        [[ingress::ig_md.attention_23_local_res<8> meta solitary no_split [0:7], ingress::ig_md.attention_23_pkt_res<8> meta no_split [0:7]]]

Best Score: {[n_set_gress: 1, n_overlay_bits: 8, n_inc_containers: 1, n_inc_small_containers: 1, n_mismatched_deparser_gress: 1, ], }
Allocation Decisions:
allocate: B6[0:7] <- ingress::ig_md.attention_23_local_res<8> meta solitary no_split [0:7] @[-1r,12w]
allocate: B8[0:7] <- ingress::ig_md.attention_23_pkt_res<8> meta no_split [0:7] @[-1r,12w]
8: TRYING to allocate SUPERCLUSTER Uid: 2421
    slice lists:	[ ]
    rotational clusters:	
        [[ingress::ig_md.attention_31_local_res<8> meta solitary no_split [0:7], ingress::ig_md.attention_31_pkt_res<8> meta no_split [0:7]]]
Successfully Allocated
By slicing into the following superclusters:
SUPERCLUSTER Uid: 2489
    slice lists:	[ ]
    rotational clusters:	
        [[ingress::ig_md.attention_31_local_res<8> meta solitary no_split [0:7], ingress::ig_md.attention_31_pkt_res<8> meta no_split [0:7]]]

Best Score: {[n_set_gress: 1, n_overlay_bits: 8, n_inc_containers: 1, n_inc_small_containers: 1, n_mismatched_deparser_gress: 1, ], }
Allocation Decisions:
allocate: B5[0:7] <- ingress::ig_md.attention_31_local_res<8> meta solitary no_split [0:7] @[-1r,12w]
allocate: B9[0:7] <- ingress::ig_md.attention_31_pkt_res<8> meta no_split [0:7] @[-1r,12w]
9: TRYING to allocate SUPERCLUSTER Uid: 2391
    slice lists:	[ ]
    rotational clusters:	
        [[ingress::ig_md.attention_1_local_res<8> meta solitary no_split [0:7], ingress::ig_md.attention_1_pkt_res<8> meta no_split [0:7]]]
Successfully Allocated
By slicing into the following superclusters:
SUPERCLUSTER Uid: 2490
    slice lists:	[ ]
    rotational clusters:	
        [[ingress::ig_md.attention_1_local_res<8> meta solitary no_split [0:7], ingress::ig_md.attention_1_pkt_res<8> meta no_split [0:7]]]

Best Score: {[n_set_gress: 2, n_inc_containers: 2, n_inc_small_containers: 2, n_mismatched_deparser_gress: 2, ], }
Allocation Decisions:
allocate: B10[0:7] <- ingress::ig_md.attention_1_pkt_res<8> meta no_split [0:7] @[-1r,12w]
allocate: B11[0:7] <- ingress::ig_md.attention_1_local_res<8> meta solitary no_split [0:7] @[-1r,12w]
10: TRYING to allocate SUPERCLUSTER Uid: 2399
    slice lists:	[ ]
    rotational clusters:	
        [[ingress::ig_md.attention_9_local_res<8> meta solitary no_split [0:7], ingress::ig_md.attention_9_pkt_res<8> meta no_split [0:7]]]
Successfully Allocated
By slicing into the following superclusters:
SUPERCLUSTER Uid: 2491
    slice lists:	[ ]
    rotational clusters:	
        [[ingress::ig_md.attention_9_local_res<8> meta solitary no_split [0:7], ingress::ig_md.attention_9_pkt_res<8> meta no_split [0:7]]]

Best Score: {[n_set_gress: 1, n_overlay_bits: 8, n_inc_containers: 1, n_inc_small_containers: 1, ], }
Allocation Decisions:
allocate: B1[0:7] <- ingress::ig_md.attention_9_pkt_res<8> meta no_split [0:7] @[-1r,12w]
allocate: B5[0:7] <- ingress::ig_md.attention_9_local_res<8> meta solitary no_split [0:7] @[-1r,12w]
11: TRYING to allocate SUPERCLUSTER Uid: 2400
    slice lists:	[ ]
    rotational clusters:	
        [[ingress::ig_md.attention_10_local_res<8> meta solitary no_split [0:7], ingress::ig_md.attention_10_pkt_res<8> meta no_split [0:7]]]
Successfully Allocated
By slicing into the following superclusters:
SUPERCLUSTER Uid: 2492
    slice lists:	[ ]
    rotational clusters:	
        [[ingress::ig_md.attention_10_local_res<8> meta solitary no_split [0:7], ingress::ig_md.attention_10_pkt_res<8> meta no_split [0:7]]]

Best Score: {[n_set_gress: 1, n_overlay_bits: 8, n_inc_containers: 1, n_inc_small_containers: 1, ], }
Allocation Decisions:
allocate: B2[0:7] <- ingress::ig_md.attention_10_pkt_res<8> meta no_split [0:7] @[-1r,12w]
allocate: B6[0:7] <- ingress::ig_md.attention_10_local_res<8> meta solitary no_split [0:7] @[-1r,12w]
12: TRYING to allocate SUPERCLUSTER Uid: 2394
    slice lists:	[ ]
    rotational clusters:	
        [[ingress::ig_md.attention_4_local_res<8> meta solitary no_split [0:7], ingress::ig_md.attention_4_pkt_res<8> meta no_split [0:7]]]
Successfully Allocated
By slicing into the following superclusters:
SUPERCLUSTER Uid: 2493
    slice lists:	[ ]
    rotational clusters:	
        [[ingress::ig_md.attention_4_local_res<8> meta solitary no_split [0:7], ingress::ig_md.attention_4_pkt_res<8> meta no_split [0:7]]]

Best Score: {[n_set_gress: 2, n_inc_containers: 2, n_inc_small_containers: 2, n_mismatched_deparser_gress: 2, ], }
Allocation Decisions:
allocate: B12[0:7] <- ingress::ig_md.attention_4_pkt_res<8> meta no_split [0:7] @[-1r,12w]
allocate: B13[0:7] <- ingress::ig_md.attention_4_local_res<8> meta solitary no_split [0:7] @[-1r,12w]
13: TRYING to allocate SUPERCLUSTER Uid: 2395
    slice lists:	[ ]
    rotational clusters:	
        [[ingress::ig_md.attention_5_local_res<8> meta solitary no_split [0:7], ingress::ig_md.attention_5_pkt_res<8> meta no_split [0:7]]]
Successfully Allocated
By slicing into the following superclusters:
SUPERCLUSTER Uid: 2494
    slice lists:	[ ]
    rotational clusters:	
        [[ingress::ig_md.attention_5_local_res<8> meta solitary no_split [0:7], ingress::ig_md.attention_5_pkt_res<8> meta no_split [0:7]]]

Best Score: {[n_set_gress: 2, n_inc_containers: 2, n_inc_small_containers: 2, n_mismatched_deparser_gress: 2, ], }
Allocation Decisions:
allocate: B14[0:7] <- ingress::ig_md.attention_5_pkt_res<8> meta no_split [0:7] @[-1r,12w]
allocate: B15[0:7] <- ingress::ig_md.attention_5_local_res<8> meta solitary no_split [0:7] @[-1r,12w]
14: TRYING to allocate SUPERCLUSTER Uid: 2416
    slice lists:	[ ]
    rotational clusters:	
        [[ingress::ig_md.attention_26_local_res<8> meta solitary no_split [0:7], ingress::ig_md.attention_26_pkt_res<8> meta no_split [0:7]]]
Successfully Allocated
By slicing into the following superclusters:
SUPERCLUSTER Uid: 2495
    slice lists:	[ ]
    rotational clusters:	
        [[ingress::ig_md.attention_26_local_res<8> meta solitary no_split [0:7], ingress::ig_md.attention_26_pkt_res<8> meta no_split [0:7]]]

Best Score: {[n_set_gress: 1, n_packing_bits: 8, n_packing_priority: 100000, n_inc_containers: 1, n_wasted_bits: 8, n_inc_small_containers: 1, n_mismatched_deparser_gress: 1, ], }
Allocation Decisions:
allocate: H0[8:15] <- ingress::ig_md.attention_26_pkt_res<8> meta no_split [0:7] @[-1r,12w]
allocate: H2[8:15] <- ingress::ig_md.attention_26_local_res<8> meta solitary no_split [0:7] @[-1r,12w]
15: TRYING to allocate SUPERCLUSTER Uid: 2397
    slice lists:	[ ]
    rotational clusters:	
        [[ingress::ig_md.attention_7_local_res<8> meta solitary no_split [0:7], ingress::ig_md.attention_7_pkt_res<8> meta no_split [0:7]]]
Successfully Allocated
By slicing into the following superclusters:
SUPERCLUSTER Uid: 2496
    slice lists:	[ ]
    rotational clusters:	
        [[ingress::ig_md.attention_7_local_res<8> meta solitary no_split [0:7], ingress::ig_md.attention_7_pkt_res<8> meta no_split [0:7]]]

Best Score: {[n_set_gress: 2, n_inc_containers: 2, n_inc_small_containers: 2, n_mismatched_deparser_gress: 2, ], }
Allocation Decisions:
allocate: B16[0:7] <- ingress::ig_md.attention_7_pkt_res<8> meta no_split [0:7] @[-1r,12w]
allocate: B17[0:7] <- ingress::ig_md.attention_7_local_res<8> meta solitary no_split [0:7] @[-1r,12w]
16: TRYING to allocate SUPERCLUSTER Uid: 2401
    slice lists:	[ ]
    rotational clusters:	
        [[ingress::ig_md.attention_11_local_res<8> meta solitary no_split [0:7], ingress::ig_md.attention_11_pkt_res<8> meta no_split [0:7]]]
Successfully Allocated
By slicing into the following superclusters:
SUPERCLUSTER Uid: 2497
    slice lists:	[ ]
    rotational clusters:	
        [[ingress::ig_md.attention_11_local_res<8> meta solitary no_split [0:7], ingress::ig_md.attention_11_pkt_res<8> meta no_split [0:7]]]

Best Score: {[n_set_gress: 1, n_overlay_bits: 8, n_inc_containers: 1, n_inc_small_containers: 1, n_mismatched_deparser_gress: 1, ], }
Allocation Decisions:
allocate: B12[0:7] <- ingress::ig_md.attention_11_local_res<8> meta solitary no_split [0:7] @[-1r,12w]
allocate: B18[0:7] <- ingress::ig_md.attention_11_pkt_res<8> meta no_split [0:7] @[-1r,12w]
17: TRYING to allocate SUPERCLUSTER Uid: 2402
    slice lists:	[ ]
    rotational clusters:	
        [[ingress::ig_md.attention_12_local_res<8> meta solitary no_split [0:7], ingress::ig_md.attention_12_pkt_res<8> meta no_split [0:7]]]
Successfully Allocated
By slicing into the following superclusters:
SUPERCLUSTER Uid: 2498
    slice lists:	[ ]
    rotational clusters:	
        [[ingress::ig_md.attention_12_local_res<8> meta solitary no_split [0:7], ingress::ig_md.attention_12_pkt_res<8> meta no_split [0:7]]]

Best Score: {[n_set_gress: 1, n_overlay_bits: 8, n_inc_containers: 1, n_inc_small_containers: 1, n_mismatched_deparser_gress: 1, ], }
Allocation Decisions:
allocate: B13[0:7] <- ingress::ig_md.attention_12_local_res<8> meta solitary no_split [0:7] @[-1r,12w]
allocate: B19[0:7] <- ingress::ig_md.attention_12_pkt_res<8> meta no_split [0:7] @[-1r,12w]
18: TRYING to allocate SUPERCLUSTER Uid: 2403
    slice lists:	[ ]
    rotational clusters:	
        [[ingress::ig_md.attention_13_local_res<8> meta solitary no_split [0:7], ingress::ig_md.attention_13_pkt_res<8> meta no_split [0:7]]]
Successfully Allocated
By slicing into the following superclusters:
SUPERCLUSTER Uid: 2499
    slice lists:	[ ]
    rotational clusters:	
        [[ingress::ig_md.attention_13_local_res<8> meta solitary no_split [0:7], ingress::ig_md.attention_13_pkt_res<8> meta no_split [0:7]]]

Best Score: {[n_set_gress: 1, n_overlay_bits: 8, n_inc_containers: 1, n_inc_small_containers: 1, n_mismatched_deparser_gress: 1, ], }
Allocation Decisions:
allocate: B14[0:7] <- ingress::ig_md.attention_13_local_res<8> meta solitary no_split [0:7] @[-1r,12w]
allocate: B20[0:7] <- ingress::ig_md.attention_13_pkt_res<8> meta no_split [0:7] @[-1r,12w]
19: TRYING to allocate SUPERCLUSTER Uid: 2404
    slice lists:	[ ]
    rotational clusters:	
        [[ingress::ig_md.attention_14_local_res<8> meta solitary no_split [0:7], ingress::ig_md.attention_14_pkt_res<8> meta no_split [0:7]]]
Successfully Allocated
By slicing into the following superclusters:
SUPERCLUSTER Uid: 2500
    slice lists:	[ ]
    rotational clusters:	
        [[ingress::ig_md.attention_14_local_res<8> meta solitary no_split [0:7], ingress::ig_md.attention_14_pkt_res<8> meta no_split [0:7]]]

Best Score: {[n_set_gress: 1, n_overlay_bits: 8, n_inc_containers: 1, n_inc_small_containers: 1, n_mismatched_deparser_gress: 1, ], }
Allocation Decisions:
allocate: B15[0:7] <- ingress::ig_md.attention_14_local_res<8> meta solitary no_split [0:7] @[-1r,12w]
allocate: B21[0:7] <- ingress::ig_md.attention_14_pkt_res<8> meta no_split [0:7] @[-1r,12w]
20: TRYING to allocate SUPERCLUSTER Uid: 2406
    slice lists:	[ ]
    rotational clusters:	
        [[ingress::ig_md.attention_16_local_res<8> meta solitary no_split [0:7], ingress::ig_md.attention_16_pkt_res<8> meta no_split [0:7]]]
Successfully Allocated
By slicing into the following superclusters:
SUPERCLUSTER Uid: 2501
    slice lists:	[ ]
    rotational clusters:	
        [[ingress::ig_md.attention_16_local_res<8> meta solitary no_split [0:7], ingress::ig_md.attention_16_pkt_res<8> meta no_split [0:7]]]

Best Score: {[n_set_gress: 1, n_overlay_bits: 8, n_inc_containers: 1, n_inc_small_containers: 1, n_mismatched_deparser_gress: 1, ], }
Allocation Decisions:
allocate: B12[0:7] <- ingress::ig_md.attention_16_local_res<8> meta solitary no_split [0:7] @[-1r,12w]
allocate: B22[0:7] <- ingress::ig_md.attention_16_pkt_res<8> meta no_split [0:7] @[-1r,12w]
21: TRYING to allocate SUPERCLUSTER Uid: 2407
    slice lists:	[ ]
    rotational clusters:	
        [[ingress::ig_md.attention_17_local_res<8> meta solitary no_split [0:7], ingress::ig_md.attention_17_pkt_res<8> meta no_split [0:7]]]
Successfully Allocated
By slicing into the following superclusters:
SUPERCLUSTER Uid: 2502
    slice lists:	[ ]
    rotational clusters:	
        [[ingress::ig_md.attention_17_local_res<8> meta solitary no_split [0:7], ingress::ig_md.attention_17_pkt_res<8> meta no_split [0:7]]]

Best Score: {[n_set_gress: 1, n_overlay_bits: 8, n_inc_containers: 1, n_inc_small_containers: 1, n_mismatched_deparser_gress: 1, ], }
Allocation Decisions:
allocate: B13[0:7] <- ingress::ig_md.attention_17_local_res<8> meta solitary no_split [0:7] @[-1r,12w]
allocate: B23[0:7] <- ingress::ig_md.attention_17_pkt_res<8> meta no_split [0:7] @[-1r,12w]
22: TRYING to allocate SUPERCLUSTER Uid: 2390
    slice lists:	[ ]
    rotational clusters:	
        [[ingress::ig_md.attention_0_local_res<8> meta solitary no_split [0:7], ingress::ig_md.attention_0_pkt_res<8> meta no_split [0:7]]]
Successfully Allocated
By slicing into the following superclusters:
SUPERCLUSTER Uid: 2503
    slice lists:	[ ]
    rotational clusters:	
        [[ingress::ig_md.attention_0_local_res<8> meta solitary no_split [0:7], ingress::ig_md.attention_0_pkt_res<8> meta no_split [0:7]]]

Best Score: {[n_set_gress: 2, n_inc_containers: 2, n_inc_small_containers: 2, n_mismatched_deparser_gress: 2, ], }
Allocation Decisions:
allocate: B24[0:7] <- ingress::ig_md.attention_0_pkt_res<8> meta no_split [0:7] @[-1r,12w]
allocate: B25[0:7] <- ingress::ig_md.attention_0_local_res<8> meta solitary no_split [0:7] @[-1r,12w]
23: TRYING to allocate SUPERCLUSTER Uid: 2392
    slice lists:	[ ]
    rotational clusters:	
        [[ingress::ig_md.attention_2_local_res<8> meta solitary no_split [0:7], ingress::ig_md.attention_2_pkt_res<8> meta no_split [0:7]]]
Successfully Allocated
By slicing into the following superclusters:
SUPERCLUSTER Uid: 2504
    slice lists:	[ ]
    rotational clusters:	
        [[ingress::ig_md.attention_2_local_res<8> meta solitary no_split [0:7], ingress::ig_md.attention_2_pkt_res<8> meta no_split [0:7]]]

Best Score: {[n_set_gress: 2, n_inc_containers: 2, n_inc_small_containers: 2, n_mismatched_deparser_gress: 2, ], }
Allocation Decisions:
allocate: B26[0:7] <- ingress::ig_md.attention_2_pkt_res<8> meta no_split [0:7] @[-1r,12w]
allocate: B27[0:7] <- ingress::ig_md.attention_2_local_res<8> meta solitary no_split [0:7] @[-1r,12w]
24: TRYING to allocate SUPERCLUSTER Uid: 2398
    slice lists:	[ ]
    rotational clusters:	
        [[ingress::ig_md.attention_8_local_res<8> meta solitary no_split [0:7], ingress::ig_md.attention_8_pkt_res<8> meta no_split [0:7]]]
Successfully Allocated
By slicing into the following superclusters:
SUPERCLUSTER Uid: 2505
    slice lists:	[ ]
    rotational clusters:	
        [[ingress::ig_md.attention_8_local_res<8> meta solitary no_split [0:7], ingress::ig_md.attention_8_pkt_res<8> meta no_split [0:7]]]

Best Score: {[n_set_gress: 1, n_overlay_bits: 8, n_inc_containers: 1, n_inc_small_containers: 1, n_mismatched_deparser_gress: 1, ], }
Allocation Decisions:
allocate: B24[0:7] <- ingress::ig_md.attention_8_local_res<8> meta solitary no_split [0:7] @[-1r,12w]
allocate: B28[0:7] <- ingress::ig_md.attention_8_pkt_res<8> meta no_split [0:7] @[-1r,12w]
25: TRYING to allocate SUPERCLUSTER Uid: 2405
    slice lists:	[ ]
    rotational clusters:	
        [[ingress::ig_md.attention_15_local_res<8> meta solitary no_split [0:7], ingress::ig_md.attention_15_pkt_res<8> meta no_split [0:7]]]
Successfully Allocated
By slicing into the following superclusters:
SUPERCLUSTER Uid: 2506
    slice lists:	[ ]
    rotational clusters:	
        [[ingress::ig_md.attention_15_local_res<8> meta solitary no_split [0:7], ingress::ig_md.attention_15_pkt_res<8> meta no_split [0:7]]]

Best Score: {[n_set_gress: 1, n_overlay_bits: 8, n_inc_containers: 1, n_inc_small_containers: 1, n_mismatched_deparser_gress: 1, ], }
Allocation Decisions:
allocate: B25[0:7] <- ingress::ig_md.attention_15_local_res<8> meta solitary no_split [0:7] @[-1r,12w]
allocate: B29[0:7] <- ingress::ig_md.attention_15_pkt_res<8> meta no_split [0:7] @[-1r,12w]
26: TRYING to allocate SUPERCLUSTER Uid: 2409
    slice lists:	[ ]
    rotational clusters:	
        [[ingress::ig_md.attention_19_local_res<8> meta solitary no_split [0:7], ingress::ig_md.attention_19_pkt_res<8> meta no_split [0:7]]]
Successfully Allocated
By slicing into the following superclusters:
SUPERCLUSTER Uid: 2507
    slice lists:	[ ]
    rotational clusters:	
        [[ingress::ig_md.attention_19_local_res<8> meta solitary no_split [0:7], ingress::ig_md.attention_19_pkt_res<8> meta no_split [0:7]]]

Best Score: {[n_set_gress: 1, n_overlay_bits: 8, n_inc_containers: 1, n_inc_small_containers: 1, n_mismatched_deparser_gress: 1, ], }
Allocation Decisions:
allocate: B24[0:7] <- ingress::ig_md.attention_19_local_res<8> meta solitary no_split [0:7] @[-1r,12w]
allocate: B30[0:7] <- ingress::ig_md.attention_19_pkt_res<8> meta no_split [0:7] @[-1r,12w]
27: TRYING to allocate SUPERCLUSTER Uid: 2410
    slice lists:	[ ]
    rotational clusters:	
        [[ingress::ig_md.attention_20_local_res<8> meta solitary no_split [0:7], ingress::ig_md.attention_20_pkt_res<8> meta no_split [0:7]]]
Successfully Allocated
By slicing into the following superclusters:
SUPERCLUSTER Uid: 2508
    slice lists:	[ ]
    rotational clusters:	
        [[ingress::ig_md.attention_20_local_res<8> meta solitary no_split [0:7], ingress::ig_md.attention_20_pkt_res<8> meta no_split [0:7]]]

Best Score: {[n_set_gress: 1, n_overlay_bits: 8, n_inc_containers: 1, n_inc_small_containers: 1, n_mismatched_deparser_gress: 1, ], }
Allocation Decisions:
allocate: B25[0:7] <- ingress::ig_md.attention_20_local_res<8> meta solitary no_split [0:7] @[-1r,12w]
allocate: B31[0:7] <- ingress::ig_md.attention_20_pkt_res<8> meta no_split [0:7] @[-1r,12w]
28: TRYING to allocate SUPERCLUSTER Uid: 2411
    slice lists:	[ ]
    rotational clusters:	
        [[ingress::ig_md.attention_21_local_res<8> meta solitary no_split [0:7], ingress::ig_md.attention_21_pkt_res<8> meta no_split [0:7]]]
Successfully Allocated
By slicing into the following superclusters:
SUPERCLUSTER Uid: 2509
    slice lists:	[ ]
    rotational clusters:	
        [[ingress::ig_md.attention_21_local_res<8> meta solitary no_split [0:7], ingress::ig_md.attention_21_pkt_res<8> meta no_split [0:7]]]

Best Score: {[n_set_gress: 1, n_overlay_bits: 8, n_inc_containers: 1, n_inc_small_containers: 1, n_mismatched_deparser_gress: 1, ], }
Allocation Decisions:
allocate: B26[0:7] <- ingress::ig_md.attention_21_local_res<8> meta solitary no_split [0:7] @[-1r,12w]
allocate: B32[0:7] <- ingress::ig_md.attention_21_pkt_res<8> meta no_split [0:7] @[-1r,12w]
29: TRYING to allocate SUPERCLUSTER Uid: 2412
    slice lists:	[ ]
    rotational clusters:	
        [[ingress::ig_md.attention_22_local_res<8> meta solitary no_split [0:7], ingress::ig_md.attention_22_pkt_res<8> meta no_split [0:7]]]
Successfully Allocated
By slicing into the following superclusters:
SUPERCLUSTER Uid: 2510
    slice lists:	[ ]
    rotational clusters:	
        [[ingress::ig_md.attention_22_local_res<8> meta solitary no_split [0:7], ingress::ig_md.attention_22_pkt_res<8> meta no_split [0:7]]]

Best Score: {[n_set_gress: 1, n_overlay_bits: 8, n_inc_containers: 1, n_inc_small_containers: 1, n_mismatched_deparser_gress: 1, ], }
Allocation Decisions:
allocate: B27[0:7] <- ingress::ig_md.attention_22_local_res<8> meta solitary no_split [0:7] @[-1r,12w]
allocate: B33[0:7] <- ingress::ig_md.attention_22_pkt_res<8> meta no_split [0:7] @[-1r,12w]
30: TRYING to allocate SUPERCLUSTER Uid: 2417
    slice lists:	[ ]
    rotational clusters:	
        [[ingress::ig_md.attention_27_local_res<8> meta solitary no_split [0:7], ingress::ig_md.attention_27_pkt_res<8> meta no_split [0:7]]]
Successfully Allocated
By slicing into the following superclusters:
SUPERCLUSTER Uid: 2511
    slice lists:	[ ]
    rotational clusters:	
        [[ingress::ig_md.attention_27_local_res<8> meta solitary no_split [0:7], ingress::ig_md.attention_27_pkt_res<8> meta no_split [0:7]]]

Best Score: {[n_set_gress: 1, n_overlay_bits: 8, n_inc_containers: 1, n_inc_small_containers: 1, n_mismatched_deparser_gress: 1, ], }
Allocation Decisions:
allocate: B24[0:7] <- ingress::ig_md.attention_27_local_res<8> meta solitary no_split [0:7] @[-1r,12w]
allocate: B34[0:7] <- ingress::ig_md.attention_27_pkt_res<8> meta no_split [0:7] @[-1r,12w]
31: TRYING to allocate SUPERCLUSTER Uid: 2418
    slice lists:	[ ]
    rotational clusters:	
        [[ingress::ig_md.attention_28_local_res<8> meta solitary no_split [0:7], ingress::ig_md.attention_28_pkt_res<8> meta no_split [0:7]]]
Successfully Allocated
By slicing into the following superclusters:
SUPERCLUSTER Uid: 2512
    slice lists:	[ ]
    rotational clusters:	
        [[ingress::ig_md.attention_28_local_res<8> meta solitary no_split [0:7], ingress::ig_md.attention_28_pkt_res<8> meta no_split [0:7]]]

Best Score: {[n_set_gress: 1, n_overlay_bits: 8, n_inc_containers: 1, n_inc_small_containers: 1, n_mismatched_deparser_gress: 1, ], }
Allocation Decisions:
allocate: B25[0:7] <- ingress::ig_md.attention_28_local_res<8> meta solitary no_split [0:7] @[-1r,12w]
allocate: B35[0:7] <- ingress::ig_md.attention_28_pkt_res<8> meta no_split [0:7] @[-1r,12w]
32: TRYING to allocate SUPERCLUSTER Uid: 2419
    slice lists:	[ ]
    rotational clusters:	
        [[ingress::ig_md.attention_29_local_res<8> meta solitary no_split [0:7], ingress::ig_md.attention_29_pkt_res<8> meta no_split [0:7]]]
Successfully Allocated
By slicing into the following superclusters:
SUPERCLUSTER Uid: 2513
    slice lists:	[ ]
    rotational clusters:	
        [[ingress::ig_md.attention_29_local_res<8> meta solitary no_split [0:7], ingress::ig_md.attention_29_pkt_res<8> meta no_split [0:7]]]

Best Score: {[n_set_gress: 1, n_overlay_bits: 8, n_inc_containers: 1, n_inc_small_containers: 1, ], }
Allocation Decisions:
allocate: B1[0:7] <- ingress::ig_md.attention_29_local_res<8> meta solitary no_split [0:7] @[-1r,12w]
allocate: B3[0:7] <- ingress::ig_md.attention_29_pkt_res<8> meta no_split [0:7] @[-1r,12w]
33: TRYING to allocate SUPERCLUSTER Uid: 2420
    slice lists:	[ ]
    rotational clusters:	
        [[ingress::ig_md.attention_30_local_res<8> meta solitary no_split [0:7], ingress::ig_md.attention_30_pkt_res<8> meta no_split [0:7]]]
Successfully Allocated
By slicing into the following superclusters:
SUPERCLUSTER Uid: 2514
    slice lists:	[ ]
    rotational clusters:	
        [[ingress::ig_md.attention_30_local_res<8> meta solitary no_split [0:7], ingress::ig_md.attention_30_pkt_res<8> meta no_split [0:7]]]

Best Score: {[n_set_gress: 1, n_overlay_bits: 8, n_inc_containers: 1, n_wasted_bits: 8, n_inc_small_containers: 1, n_mismatched_deparser_gress: 1, ], }
Allocation Decisions:
allocate: H1[0:7] <- ingress::ig_md.attention_30_local_res<8> meta solitary no_split [0:7] @[-1r,12w]
allocate: H3[0:7] <- ingress::ig_md.attention_30_pkt_res<8> meta no_split [0:7] @[-1r,12w]
34: TRYING to allocate SUPERCLUSTER Uid: 2414
    slice lists:	[ ]
    rotational clusters:	
        [[ingress::ig_md.attention_24_local_res<8> meta solitary no_split [0:7], ingress::ig_md.attention_24_pkt_res<8> meta no_split [0:7]]]
Successfully Allocated
By slicing into the following superclusters:
SUPERCLUSTER Uid: 2515
    slice lists:	[ ]
    rotational clusters:	
        [[ingress::ig_md.attention_24_local_res<8> meta solitary no_split [0:7], ingress::ig_md.attention_24_pkt_res<8> meta no_split [0:7]]]

Best Score: {[n_set_gress: 1, n_packing_bits: 8, n_packing_priority: 100000, n_inc_containers: 1, n_wasted_bits: 8, n_inc_small_containers: 1, n_mismatched_deparser_gress: 1, ], }
Allocation Decisions:
allocate: H3[8:15] <- ingress::ig_md.attention_24_pkt_res<8> meta no_split [0:7] @[-1r,12w]
allocate: H4[8:15] <- ingress::ig_md.attention_24_local_res<8> meta solitary no_split [0:7] @[-1r,12w]
35: TRYING to allocate SUPERCLUSTER Uid: 2415
    slice lists:	[ ]
    rotational clusters:	
        [[ingress::ig_md.attention_25_local_res<8> meta solitary no_split [0:7], ingress::ig_md.attention_25_pkt_res<8> meta no_split [0:7]]]
Successfully Allocated
By slicing into the following superclusters:
SUPERCLUSTER Uid: 2516
    slice lists:	[ ]
    rotational clusters:	
        [[ingress::ig_md.attention_25_local_res<8> meta solitary no_split [0:7], ingress::ig_md.attention_25_pkt_res<8> meta no_split [0:7]]]

Best Score: {[n_set_gress: 2, n_inc_containers: 2, n_inc_small_containers: 2, n_mismatched_deparser_gress: 2, ], }
Allocation Decisions:
allocate: B36[0:7] <- ingress::ig_md.attention_25_pkt_res<8> meta no_split [0:7] @[-1r,12w]
allocate: B37[0:7] <- ingress::ig_md.attention_25_local_res<8> meta solitary no_split [0:7] @[-1r,12w]
36: TRYING to allocate SUPERCLUSTER Uid: 2432
    slice lists:	
        [ egress::eg_intr_md.egress_port<9> ^0 ^bit[0..15] intrinsic no_split deparsed_bottom_bits deparsed_to_tm mocha [0:8]
          egress::eg_intr_md._pad0<7> intrinsic deparsed_to_tm mocha [0:6] ]
    rotational clusters:	
        [[egress::eg_intr_md.egress_port<9> ^0 ^bit[0..15] intrinsic no_split deparsed_bottom_bits deparsed_to_tm mocha [0:8]]]
        [[egress::eg_intr_md._pad0<7> intrinsic deparsed_to_tm mocha [0:6]]]
Successfully Allocated
By slicing into the following superclusters:
SUPERCLUSTER Uid: 2520
    slice lists:	
        [ egress::eg_intr_md.egress_port<9> ^0 ^bit[0..15] intrinsic no_split deparsed_bottom_bits deparsed_to_tm mocha [0:8]
          egress::eg_intr_md._pad0<7> intrinsic deparsed_to_tm mocha [0:6] ]
    rotational clusters:	
        [[egress::eg_intr_md.egress_port<9> ^0 ^bit[0..15] intrinsic no_split deparsed_bottom_bits deparsed_to_tm mocha [0:8]]]
        [[egress::eg_intr_md._pad0<7> intrinsic deparsed_to_tm mocha [0:6]]]

Best Score: {M[n_set_gress: 1, n_set_parser_group_gress: 1, n_set_deparser_group_gress: 1, n_inc_containers: 1, ], }
Allocation Decisions:
allocate: MH4[0:8] <- egress::eg_intr_md.egress_port<9> ^0 ^bit[0..15] intrinsic no_split deparsed_bottom_bits deparsed_to_tm mocha [0:8] @[-1r,12w]
37: TRYING to allocate SUPERCLUSTER Uid: 2422
    slice lists:	[ ]
    rotational clusters:	
        [[egress::eg_intr_md_for_dprsr.mirror_io_select<1> meta intrinsic no_split deparsed_to_tm mocha [0:0]]]
Successfully Allocated
By slicing into the following superclusters:
SUPERCLUSTER Uid: 2521
    slice lists:	[ ]
    rotational clusters:	
        [[egress::eg_intr_md_for_dprsr.mirror_io_select<1> meta intrinsic no_split deparsed_to_tm mocha [0:0]]]

Best Score: {M[n_set_gress: 1, n_set_parser_group_gress: 1, n_inc_containers: 1, ], }
Allocation Decisions:
allocate: MH5[0:0] <- egress::eg_intr_md_for_dprsr.mirror_io_select<1> meta intrinsic no_split deparsed_to_tm mocha [0:0] @[-1r,12w]
38: TRYING to allocate SUPERCLUSTER Uid: 2323
    slice lists:	
        [ ingress::hdr.attention_data.data_31<8> ^0 ^bit[0..287] deparsed exact_containers mocha [0:7]
          ingress::hdr.attention_data.data_30<8> ^0 ^bit[0..279] deparsed exact_containers mocha [0:7]
          ingress::hdr.attention_data.data_29<8> ^0 ^bit[0..271] deparsed exact_containers mocha [0:7]
          ingress::hdr.attention_data.data_28<8> ^0 ^bit[0..263] deparsed exact_containers mocha [0:7] ]
    rotational clusters:	
        [[ingress::hdr.attention_data.data_31<8> ^0 ^bit[0..287] deparsed exact_containers mocha [0:7]]]
        [[ingress::hdr.attention_data.data_30<8> ^0 ^bit[0..279] deparsed exact_containers mocha [0:7]]]
        [[ingress::hdr.attention_data.data_29<8> ^0 ^bit[0..271] deparsed exact_containers mocha [0:7]]]
        [[ingress::hdr.attention_data.data_28<8> ^0 ^bit[0..263] deparsed exact_containers mocha [0:7]]]
Successfully Allocated
By slicing into the following superclusters:
SUPERCLUSTER Uid: 2526
    slice lists:	
        [ ingress::hdr.attention_data.data_31<8> ^0 ^bit[0..287] deparsed exact_containers mocha [0:7]
          ingress::hdr.attention_data.data_30<8> ^0 ^bit[0..279] deparsed exact_containers mocha [0:7]
          ingress::hdr.attention_data.data_29<8> ^0 ^bit[0..271] deparsed exact_containers mocha [0:7]
          ingress::hdr.attention_data.data_28<8> ^0 ^bit[0..263] deparsed exact_containers mocha [0:7] ]
    rotational clusters:	
        [[ingress::hdr.attention_data.data_31<8> ^0 ^bit[0..287] deparsed exact_containers mocha [0:7]]]
        [[ingress::hdr.attention_data.data_30<8> ^0 ^bit[0..279] deparsed exact_containers mocha [0:7]]]
        [[ingress::hdr.attention_data.data_29<8> ^0 ^bit[0..271] deparsed exact_containers mocha [0:7]]]
        [[ingress::hdr.attention_data.data_28<8> ^0 ^bit[0..263] deparsed exact_containers mocha [0:7]]]

Best Score: {M[n_set_gress: 1, n_set_parser_group_gress: 1, n_set_deparser_group_gress: 1, n_inc_containers: 1, n_clot_bits: 32, ], }
Allocation Decisions:
allocate: MW0[0:7] <- ingress::hdr.attention_data.data_31<8> ^0 ^bit[0..287] deparsed exact_containers mocha [0:7] @[-1r,12w]
allocate: MW0[8:15] <- ingress::hdr.attention_data.data_30<8> ^0 ^bit[0..279] deparsed exact_containers mocha [0:7] @[-1r,12w]
allocate: MW0[16:23] <- ingress::hdr.attention_data.data_29<8> ^0 ^bit[0..271] deparsed exact_containers mocha [0:7] @[-1r,12w]
allocate: MW0[24:31] <- ingress::hdr.attention_data.data_28<8> ^0 ^bit[0..263] deparsed exact_containers mocha [0:7] @[-1r,12w]
39: TRYING to allocate SUPERCLUSTER Uid: 2325
    slice lists:	
        [ ingress::hdr.attention_data.data_27<8> ^0 ^bit[0..255] deparsed exact_containers mocha [0:7]
          ingress::hdr.attention_data.data_26<8> ^0 ^bit[0..247] deparsed exact_containers mocha [0:7]
          ingress::hdr.attention_data.data_25<8> ^0 ^bit[0..239] deparsed exact_containers mocha [0:7]
          ingress::hdr.attention_data.data_24<8> ^0 ^bit[0..231] deparsed exact_containers mocha [0:7] ]
    rotational clusters:	
        [[ingress::hdr.attention_data.data_27<8> ^0 ^bit[0..255] deparsed exact_containers mocha [0:7]]]
        [[ingress::hdr.attention_data.data_26<8> ^0 ^bit[0..247] deparsed exact_containers mocha [0:7]]]
        [[ingress::hdr.attention_data.data_25<8> ^0 ^bit[0..239] deparsed exact_containers mocha [0:7]]]
        [[ingress::hdr.attention_data.data_24<8> ^0 ^bit[0..231] deparsed exact_containers mocha [0:7]]]
Successfully Allocated
By slicing into the following superclusters:
SUPERCLUSTER Uid: 2545
    slice lists:	
        [ ingress::hdr.attention_data.data_27<8> ^0 ^bit[0..255] deparsed exact_containers mocha [0:7]
          ingress::hdr.attention_data.data_26<8> ^0 ^bit[0..247] deparsed exact_containers mocha [0:7]
          ingress::hdr.attention_data.data_25<8> ^0 ^bit[0..239] deparsed exact_containers mocha [0:7]
          ingress::hdr.attention_data.data_24<8> ^0 ^bit[0..231] deparsed exact_containers mocha [0:7] ]
    rotational clusters:	
        [[ingress::hdr.attention_data.data_27<8> ^0 ^bit[0..255] deparsed exact_containers mocha [0:7]]]
        [[ingress::hdr.attention_data.data_26<8> ^0 ^bit[0..247] deparsed exact_containers mocha [0:7]]]
        [[ingress::hdr.attention_data.data_25<8> ^0 ^bit[0..239] deparsed exact_containers mocha [0:7]]]
        [[ingress::hdr.attention_data.data_24<8> ^0 ^bit[0..231] deparsed exact_containers mocha [0:7]]]

Best Score: {M[n_set_gress: 1, n_set_parser_group_gress: 1, n_inc_containers: 1, n_clot_bits: 32, ], }
Allocation Decisions:
allocate: MW1[0:7] <- ingress::hdr.attention_data.data_27<8> ^0 ^bit[0..255] deparsed exact_containers mocha [0:7] @[-1r,12w]
allocate: MW1[8:15] <- ingress::hdr.attention_data.data_26<8> ^0 ^bit[0..247] deparsed exact_containers mocha [0:7] @[-1r,12w]
allocate: MW1[16:23] <- ingress::hdr.attention_data.data_25<8> ^0 ^bit[0..239] deparsed exact_containers mocha [0:7] @[-1r,12w]
allocate: MW1[24:31] <- ingress::hdr.attention_data.data_24<8> ^0 ^bit[0..231] deparsed exact_containers mocha [0:7] @[-1r,12w]
40: TRYING to allocate SUPERCLUSTER Uid: 2327
    slice lists:	
        [ ingress::hdr.attention_data.data_23<8> ^0 ^bit[0..223] deparsed exact_containers mocha [0:7]
          ingress::hdr.attention_data.data_22<8> ^0 ^bit[0..215] deparsed exact_containers mocha [0:7]
          ingress::hdr.attention_data.data_21<8> ^0 ^bit[0..207] deparsed exact_containers mocha [0:7]
          ingress::hdr.attention_data.data_20<8> ^0 ^bit[0..199] deparsed exact_containers mocha [0:7] ]
    rotational clusters:	
        [[ingress::hdr.attention_data.data_23<8> ^0 ^bit[0..223] deparsed exact_containers mocha [0:7]]]
        [[ingress::hdr.attention_data.data_22<8> ^0 ^bit[0..215] deparsed exact_containers mocha [0:7]]]
        [[ingress::hdr.attention_data.data_21<8> ^0 ^bit[0..207] deparsed exact_containers mocha [0:7]]]
        [[ingress::hdr.attention_data.data_20<8> ^0 ^bit[0..199] deparsed exact_containers mocha [0:7]]]
Successfully Allocated
By slicing into the following superclusters:
SUPERCLUSTER Uid: 2564
    slice lists:	
        [ ingress::hdr.attention_data.data_23<8> ^0 ^bit[0..223] deparsed exact_containers mocha [0:7]
          ingress::hdr.attention_data.data_22<8> ^0 ^bit[0..215] deparsed exact_containers mocha [0:7]
          ingress::hdr.attention_data.data_21<8> ^0 ^bit[0..207] deparsed exact_containers mocha [0:7]
          ingress::hdr.attention_data.data_20<8> ^0 ^bit[0..199] deparsed exact_containers mocha [0:7] ]
    rotational clusters:	
        [[ingress::hdr.attention_data.data_23<8> ^0 ^bit[0..223] deparsed exact_containers mocha [0:7]]]
        [[ingress::hdr.attention_data.data_22<8> ^0 ^bit[0..215] deparsed exact_containers mocha [0:7]]]
        [[ingress::hdr.attention_data.data_21<8> ^0 ^bit[0..207] deparsed exact_containers mocha [0:7]]]
        [[ingress::hdr.attention_data.data_20<8> ^0 ^bit[0..199] deparsed exact_containers mocha [0:7]]]

Best Score: {M[n_set_gress: 1, n_set_parser_group_gress: 1, n_set_deparser_group_gress: 1, n_inc_containers: 1, n_clot_bits: 32, ], }
Allocation Decisions:
allocate: MW2[0:7] <- ingress::hdr.attention_data.data_23<8> ^0 ^bit[0..223] deparsed exact_containers mocha [0:7] @[-1r,12w]
allocate: MW2[8:15] <- ingress::hdr.attention_data.data_22<8> ^0 ^bit[0..215] deparsed exact_containers mocha [0:7] @[-1r,12w]
allocate: MW2[16:23] <- ingress::hdr.attention_data.data_21<8> ^0 ^bit[0..207] deparsed exact_containers mocha [0:7] @[-1r,12w]
allocate: MW2[24:31] <- ingress::hdr.attention_data.data_20<8> ^0 ^bit[0..199] deparsed exact_containers mocha [0:7] @[-1r,12w]
41: TRYING to allocate SUPERCLUSTER Uid: 2329
    slice lists:	
        [ ingress::hdr.attention_data.data_19<8> ^0 ^bit[0..191] deparsed exact_containers mocha [0:7]
          ingress::hdr.attention_data.data_18<8> ^0 ^bit[0..183] deparsed exact_containers mocha [0:7]
          ingress::hdr.attention_data.data_17<8> ^0 ^bit[0..175] deparsed exact_containers mocha [0:7]
          ingress::hdr.attention_data.data_16<8> ^0 ^bit[0..167] deparsed exact_containers mocha [0:7] ]
    rotational clusters:	
        [[ingress::hdr.attention_data.data_19<8> ^0 ^bit[0..191] deparsed exact_containers mocha [0:7]]]
        [[ingress::hdr.attention_data.data_18<8> ^0 ^bit[0..183] deparsed exact_containers mocha [0:7]]]
        [[ingress::hdr.attention_data.data_17<8> ^0 ^bit[0..175] deparsed exact_containers mocha [0:7]]]
        [[ingress::hdr.attention_data.data_16<8> ^0 ^bit[0..167] deparsed exact_containers mocha [0:7]]]
Successfully Allocated
By slicing into the following superclusters:
SUPERCLUSTER Uid: 2583
    slice lists:	
        [ ingress::hdr.attention_data.data_19<8> ^0 ^bit[0..191] deparsed exact_containers mocha [0:7]
          ingress::hdr.attention_data.data_18<8> ^0 ^bit[0..183] deparsed exact_containers mocha [0:7]
          ingress::hdr.attention_data.data_17<8> ^0 ^bit[0..175] deparsed exact_containers mocha [0:7]
          ingress::hdr.attention_data.data_16<8> ^0 ^bit[0..167] deparsed exact_containers mocha [0:7] ]
    rotational clusters:	
        [[ingress::hdr.attention_data.data_19<8> ^0 ^bit[0..191] deparsed exact_containers mocha [0:7]]]
        [[ingress::hdr.attention_data.data_18<8> ^0 ^bit[0..183] deparsed exact_containers mocha [0:7]]]
        [[ingress::hdr.attention_data.data_17<8> ^0 ^bit[0..175] deparsed exact_containers mocha [0:7]]]
        [[ingress::hdr.attention_data.data_16<8> ^0 ^bit[0..167] deparsed exact_containers mocha [0:7]]]

Best Score: {M[n_set_gress: 1, n_set_parser_group_gress: 1, n_inc_containers: 1, n_clot_bits: 32, ], }
Allocation Decisions:
allocate: MW3[0:7] <- ingress::hdr.attention_data.data_19<8> ^0 ^bit[0..191] deparsed exact_containers mocha [0:7] @[-1r,12w]
allocate: MW3[8:15] <- ingress::hdr.attention_data.data_18<8> ^0 ^bit[0..183] deparsed exact_containers mocha [0:7] @[-1r,12w]
allocate: MW3[16:23] <- ingress::hdr.attention_data.data_17<8> ^0 ^bit[0..175] deparsed exact_containers mocha [0:7] @[-1r,12w]
allocate: MW3[24:31] <- ingress::hdr.attention_data.data_16<8> ^0 ^bit[0..167] deparsed exact_containers mocha [0:7] @[-1r,12w]
42: TRYING to allocate SUPERCLUSTER Uid: 2331
    slice lists:	
        [ ingress::hdr.attention_data.data_15<8> ^0 ^bit[0..159] deparsed exact_containers mocha [0:7]
          ingress::hdr.attention_data.data_14<8> ^0 ^bit[0..151] deparsed exact_containers mocha [0:7]
          ingress::hdr.attention_data.data_13<8> ^0 ^bit[0..143] deparsed exact_containers mocha [0:7]
          ingress::hdr.attention_data.data_12<8> ^0 ^bit[0..135] deparsed exact_containers mocha [0:7] ]
    rotational clusters:	
        [[ingress::hdr.attention_data.data_15<8> ^0 ^bit[0..159] deparsed exact_containers mocha [0:7]]]
        [[ingress::hdr.attention_data.data_14<8> ^0 ^bit[0..151] deparsed exact_containers mocha [0:7]]]
        [[ingress::hdr.attention_data.data_13<8> ^0 ^bit[0..143] deparsed exact_containers mocha [0:7]]]
        [[ingress::hdr.attention_data.data_12<8> ^0 ^bit[0..135] deparsed exact_containers mocha [0:7]]]
Successfully Allocated
By slicing into the following superclusters:
SUPERCLUSTER Uid: 2602
    slice lists:	
        [ ingress::hdr.attention_data.data_15<8> ^0 ^bit[0..159] deparsed exact_containers mocha [0:7]
          ingress::hdr.attention_data.data_14<8> ^0 ^bit[0..151] deparsed exact_containers mocha [0:7]
          ingress::hdr.attention_data.data_13<8> ^0 ^bit[0..143] deparsed exact_containers mocha [0:7]
          ingress::hdr.attention_data.data_12<8> ^0 ^bit[0..135] deparsed exact_containers mocha [0:7] ]
    rotational clusters:	
        [[ingress::hdr.attention_data.data_15<8> ^0 ^bit[0..159] deparsed exact_containers mocha [0:7]]]
        [[ingress::hdr.attention_data.data_14<8> ^0 ^bit[0..151] deparsed exact_containers mocha [0:7]]]
        [[ingress::hdr.attention_data.data_13<8> ^0 ^bit[0..143] deparsed exact_containers mocha [0:7]]]
        [[ingress::hdr.attention_data.data_12<8> ^0 ^bit[0..135] deparsed exact_containers mocha [0:7]]]

Best Score: {M[n_set_gress: 1, n_set_parser_group_gress: 1, n_set_deparser_group_gress: 1, n_inc_containers: 1, n_clot_bits: 32, ], }
Allocation Decisions:
allocate: MW4[0:7] <- ingress::hdr.attention_data.data_15<8> ^0 ^bit[0..159] deparsed exact_containers mocha [0:7] @[-1r,12w]
allocate: MW4[8:15] <- ingress::hdr.attention_data.data_14<8> ^0 ^bit[0..151] deparsed exact_containers mocha [0:7] @[-1r,12w]
allocate: MW4[16:23] <- ingress::hdr.attention_data.data_13<8> ^0 ^bit[0..143] deparsed exact_containers mocha [0:7] @[-1r,12w]
allocate: MW4[24:31] <- ingress::hdr.attention_data.data_12<8> ^0 ^bit[0..135] deparsed exact_containers mocha [0:7] @[-1r,12w]
43: TRYING to allocate SUPERCLUSTER Uid: 2333
    slice lists:	
        [ ingress::hdr.attention_data.data_11<8> ^0 ^bit[0..127] deparsed exact_containers mocha [0:7]
          ingress::hdr.attention_data.data_10<8> ^0 ^bit[0..119] deparsed exact_containers mocha [0:7]
          ingress::hdr.attention_data.data_9<8> ^0 ^bit[0..111] deparsed exact_containers mocha [0:7]
          ingress::hdr.attention_data.data_8<8> ^0 ^bit[0..103] deparsed exact_containers mocha [0:7] ]
    rotational clusters:	
        [[ingress::hdr.attention_data.data_11<8> ^0 ^bit[0..127] deparsed exact_containers mocha [0:7]]]
        [[ingress::hdr.attention_data.data_10<8> ^0 ^bit[0..119] deparsed exact_containers mocha [0:7]]]
        [[ingress::hdr.attention_data.data_9<8> ^0 ^bit[0..111] deparsed exact_containers mocha [0:7]]]
        [[ingress::hdr.attention_data.data_8<8> ^0 ^bit[0..103] deparsed exact_containers mocha [0:7]]]
Successfully Allocated
By slicing into the following superclusters:
SUPERCLUSTER Uid: 2621
    slice lists:	
        [ ingress::hdr.attention_data.data_11<8> ^0 ^bit[0..127] deparsed exact_containers mocha [0:7]
          ingress::hdr.attention_data.data_10<8> ^0 ^bit[0..119] deparsed exact_containers mocha [0:7]
          ingress::hdr.attention_data.data_9<8> ^0 ^bit[0..111] deparsed exact_containers mocha [0:7]
          ingress::hdr.attention_data.data_8<8> ^0 ^bit[0..103] deparsed exact_containers mocha [0:7] ]
    rotational clusters:	
        [[ingress::hdr.attention_data.data_11<8> ^0 ^bit[0..127] deparsed exact_containers mocha [0:7]]]
        [[ingress::hdr.attention_data.data_10<8> ^0 ^bit[0..119] deparsed exact_containers mocha [0:7]]]
        [[ingress::hdr.attention_data.data_9<8> ^0 ^bit[0..111] deparsed exact_containers mocha [0:7]]]
        [[ingress::hdr.attention_data.data_8<8> ^0 ^bit[0..103] deparsed exact_containers mocha [0:7]]]

Best Score: {M[n_set_gress: 1, n_set_parser_group_gress: 1, n_inc_containers: 1, n_clot_bits: 32, ], }
Allocation Decisions:
allocate: MW5[0:7] <- ingress::hdr.attention_data.data_11<8> ^0 ^bit[0..127] deparsed exact_containers mocha [0:7] @[-1r,12w]
allocate: MW5[8:15] <- ingress::hdr.attention_data.data_10<8> ^0 ^bit[0..119] deparsed exact_containers mocha [0:7] @[-1r,12w]
allocate: MW5[16:23] <- ingress::hdr.attention_data.data_9<8> ^0 ^bit[0..111] deparsed exact_containers mocha [0:7] @[-1r,12w]
allocate: MW5[24:31] <- ingress::hdr.attention_data.data_8<8> ^0 ^bit[0..103] deparsed exact_containers mocha [0:7] @[-1r,12w]
44: TRYING to allocate SUPERCLUSTER Uid: 2335
    slice lists:	
        [ ingress::hdr.attention_data.data_7<8> ^0 ^bit[0..95] deparsed exact_containers mocha [0:7]
          ingress::hdr.attention_data.data_6<8> ^0 ^bit[0..87] deparsed exact_containers mocha [0:7]
          ingress::hdr.attention_data.data_5<8> ^0 ^bit[0..79] deparsed exact_containers mocha [0:7]
          ingress::hdr.attention_data.data_4<8> ^0 ^bit[0..71] deparsed exact_containers mocha [0:7] ]
    rotational clusters:	
        [[ingress::hdr.attention_data.data_7<8> ^0 ^bit[0..95] deparsed exact_containers mocha [0:7]]]
        [[ingress::hdr.attention_data.data_6<8> ^0 ^bit[0..87] deparsed exact_containers mocha [0:7]]]
        [[ingress::hdr.attention_data.data_5<8> ^0 ^bit[0..79] deparsed exact_containers mocha [0:7]]]
        [[ingress::hdr.attention_data.data_4<8> ^0 ^bit[0..71] deparsed exact_containers mocha [0:7]]]
Successfully Allocated
By slicing into the following superclusters:
SUPERCLUSTER Uid: 2640
    slice lists:	
        [ ingress::hdr.attention_data.data_7<8> ^0 ^bit[0..95] deparsed exact_containers mocha [0:7]
          ingress::hdr.attention_data.data_6<8> ^0 ^bit[0..87] deparsed exact_containers mocha [0:7]
          ingress::hdr.attention_data.data_5<8> ^0 ^bit[0..79] deparsed exact_containers mocha [0:7]
          ingress::hdr.attention_data.data_4<8> ^0 ^bit[0..71] deparsed exact_containers mocha [0:7] ]
    rotational clusters:	
        [[ingress::hdr.attention_data.data_7<8> ^0 ^bit[0..95] deparsed exact_containers mocha [0:7]]]
        [[ingress::hdr.attention_data.data_6<8> ^0 ^bit[0..87] deparsed exact_containers mocha [0:7]]]
        [[ingress::hdr.attention_data.data_5<8> ^0 ^bit[0..79] deparsed exact_containers mocha [0:7]]]
        [[ingress::hdr.attention_data.data_4<8> ^0 ^bit[0..71] deparsed exact_containers mocha [0:7]]]

Best Score: {M[n_set_gress: 1, n_set_parser_group_gress: 1, n_set_deparser_group_gress: 1, n_inc_containers: 1, n_clot_bits: 32, ], }
Allocation Decisions:
allocate: MW6[0:7] <- ingress::hdr.attention_data.data_7<8> ^0 ^bit[0..95] deparsed exact_containers mocha [0:7] @[-1r,12w]
allocate: MW6[8:15] <- ingress::hdr.attention_data.data_6<8> ^0 ^bit[0..87] deparsed exact_containers mocha [0:7] @[-1r,12w]
allocate: MW6[16:23] <- ingress::hdr.attention_data.data_5<8> ^0 ^bit[0..79] deparsed exact_containers mocha [0:7] @[-1r,12w]
allocate: MW6[24:31] <- ingress::hdr.attention_data.data_4<8> ^0 ^bit[0..71] deparsed exact_containers mocha [0:7] @[-1r,12w]
45: TRYING to allocate SUPERCLUSTER Uid: 2337
    slice lists:	
        [ ingress::hdr.attention_data.data_3<8> ^0 ^bit[0..63] deparsed exact_containers mocha [0:7]
          ingress::hdr.attention_data.data_2<8> ^0 ^bit[0..55] deparsed exact_containers mocha [0:7]
          ingress::hdr.attention_data.data_1<8> ^0 ^bit[0..47] deparsed exact_containers mocha [0:7]
          ingress::hdr.attention_data.data_0<8> ^0 ^bit[0..39] deparsed exact_containers mocha [0:7] ]
    rotational clusters:	
        [[ingress::hdr.attention_data.data_3<8> ^0 ^bit[0..63] deparsed exact_containers mocha [0:7]]]
        [[ingress::hdr.attention_data.data_2<8> ^0 ^bit[0..55] deparsed exact_containers mocha [0:7]]]
        [[ingress::hdr.attention_data.data_1<8> ^0 ^bit[0..47] deparsed exact_containers mocha [0:7]]]
        [[ingress::hdr.attention_data.data_0<8> ^0 ^bit[0..39] deparsed exact_containers mocha [0:7]]]
Successfully Allocated
By slicing into the following superclusters:
SUPERCLUSTER Uid: 2659
    slice lists:	
        [ ingress::hdr.attention_data.data_3<8> ^0 ^bit[0..63] deparsed exact_containers mocha [0:7]
          ingress::hdr.attention_data.data_2<8> ^0 ^bit[0..55] deparsed exact_containers mocha [0:7]
          ingress::hdr.attention_data.data_1<8> ^0 ^bit[0..47] deparsed exact_containers mocha [0:7]
          ingress::hdr.attention_data.data_0<8> ^0 ^bit[0..39] deparsed exact_containers mocha [0:7] ]
    rotational clusters:	
        [[ingress::hdr.attention_data.data_3<8> ^0 ^bit[0..63] deparsed exact_containers mocha [0:7]]]
        [[ingress::hdr.attention_data.data_2<8> ^0 ^bit[0..55] deparsed exact_containers mocha [0:7]]]
        [[ingress::hdr.attention_data.data_1<8> ^0 ^bit[0..47] deparsed exact_containers mocha [0:7]]]
        [[ingress::hdr.attention_data.data_0<8> ^0 ^bit[0..39] deparsed exact_containers mocha [0:7]]]

Best Score: {M[n_set_gress: 1, n_set_parser_group_gress: 1, n_inc_containers: 1, n_clot_bits: 32, ], }
Allocation Decisions:
allocate: MW7[0:7] <- ingress::hdr.attention_data.data_3<8> ^0 ^bit[0..63] deparsed exact_containers mocha [0:7] @[-1r,12w]
allocate: MW7[8:15] <- ingress::hdr.attention_data.data_2<8> ^0 ^bit[0..55] deparsed exact_containers mocha [0:7] @[-1r,12w]
allocate: MW7[16:23] <- ingress::hdr.attention_data.data_1<8> ^0 ^bit[0..47] deparsed exact_containers mocha [0:7] @[-1r,12w]
allocate: MW7[24:31] <- ingress::hdr.attention_data.data_0<8> ^0 ^bit[0..39] deparsed exact_containers mocha [0:7] @[-1r,12w]
46: TRYING to allocate SUPERCLUSTER Uid: 2356
    slice lists:	[ ]
    rotational clusters:	
        [[ingress::ig_md.padding<80> meta mocha [16:47]]]
Successfully Allocated
By slicing into the following superclusters:
SUPERCLUSTER Uid: 2674
    slice lists:	[ ]
    rotational clusters:	
        [[ingress::ig_md.padding<80> meta mocha [16:47]]]

Best Score: {M[n_set_gress: 1, n_inc_containers: 1, n_mismatched_deparser_gress: 1, ], }
Allocation Decisions:
allocate: MW8[0:31] <- ingress::ig_md.padding<80> meta mocha [16:47] @[-1r,12w]
47: TRYING to allocate SUPERCLUSTER Uid: 2357
    slice lists:	[ ]
    rotational clusters:	
        [[ingress::ig_md.padding<80> meta mocha [48:79]]]
Successfully Allocated
By slicing into the following superclusters:
SUPERCLUSTER Uid: 2742
    slice lists:	[ ]
    rotational clusters:	
        [[ingress::ig_md.padding<80> meta mocha [48:79]]]

Best Score: {M[n_set_gress: 1, n_inc_containers: 1, n_mismatched_deparser_gress: 1, ], }
Allocation Decisions:
allocate: MW9[0:31] <- ingress::ig_md.padding<80> meta mocha [48:79] @[-1r,12w]
48: TRYING to allocate SUPERCLUSTER Uid: 2346
    slice lists:	[ ]
    rotational clusters:	
        [[ingress::ig_md.local_gamma_big_flag<1> meta [0:0]]]
Successfully Allocated
By slicing into the following superclusters:
SUPERCLUSTER Uid: 2810
    slice lists:	[ ]
    rotational clusters:	
        [[ingress::ig_md.local_gamma_big_flag<1> meta [0:0]]]

Best Score: {[n_set_gress: 1, n_inc_containers: 1, n_inc_small_containers: 1, n_mismatched_deparser_gress: 1, ], }
Allocation Decisions:
allocate: B38[0:0] <- ingress::ig_md.local_gamma_big_flag<1> meta [0:0] @[-1r,12w]
49: TRYING to allocate SUPERCLUSTER Uid: 2345
    slice lists:	[ ]
    rotational clusters:	
        [[ingress::ig_md.gamma_ba_cal_res<6> meta [0:5]]]
Successfully Allocated
By slicing into the following superclusters:
SUPERCLUSTER Uid: 2811
    slice lists:	[ ]
    rotational clusters:	
        [[ingress::ig_md.gamma_ba_cal_res<6> meta [0:5]]]

Best Score: {[n_set_gress: 1, n_inc_containers: 1, n_inc_small_containers: 1, n_mismatched_deparser_gress: 1, ], }
Allocation Decisions:
allocate: B39[0:5] <- ingress::ig_md.gamma_ba_cal_res<6> meta [0:5] @[-1r,12w]
50: TRYING to allocate SUPERCLUSTER Uid: 2351
    slice lists:	[ ]
    rotational clusters:	
        [[ingress::ig_md.padding<80> meta mocha [0:15]]]
Successfully Allocated
By slicing into the following superclusters:
SUPERCLUSTER Uid: 2812
    slice lists:	[ ]
    rotational clusters:	
        [[ingress::ig_md.padding<80> meta mocha [0:15]]]

Best Score: {M[n_set_gress: 1, n_inc_containers: 1, n_mismatched_deparser_gress: 1, ], }
Allocation Decisions:
allocate: MH6[0:15] <- ingress::ig_md.padding<80> meta mocha [0:15] @[-1r,12w]
51: TRYING to allocate SUPERCLUSTER Uid: 2376
    slice lists:	[ ]
    rotational clusters:	
        [[ingress::ig_md.attention_set.data_18<8> meta [0:7]]]
Successfully Allocated
By slicing into the following superclusters:
SUPERCLUSTER Uid: 2819
    slice lists:	[ ]
    rotational clusters:	
        [[ingress::ig_md.attention_set.data_18<8> meta [0:7]]]

Best Score: {[n_overlay_bits: 8, ], }
Allocation Decisions:
allocate: B10[0:7] <- ingress::ig_md.attention_set.data_18<8> meta [0:7] @[-1r,12w]
52: TRYING to allocate SUPERCLUSTER Uid: 2367
    slice lists:	[ ]
    rotational clusters:	
        [[ingress::ig_md.attention_set.data_9<8> meta [0:7]]]
Successfully Allocated
By slicing into the following superclusters:
SUPERCLUSTER Uid: 2820
    slice lists:	[ ]
    rotational clusters:	
        [[ingress::ig_md.attention_set.data_9<8> meta [0:7]]]

Best Score: {[n_set_gress: 1, n_inc_containers: 1, n_inc_small_containers: 1, n_mismatched_deparser_gress: 1, ], }
Allocation Decisions:
allocate: B40[0:7] <- ingress::ig_md.attention_set.data_9<8> meta [0:7] @[-1r,12w]
53: TRYING to allocate SUPERCLUSTER Uid: 2373
    slice lists:	[ ]
    rotational clusters:	
        [[ingress::ig_md.attention_set.data_15<8> meta [0:7]]]
Successfully Allocated
By slicing into the following superclusters:
SUPERCLUSTER Uid: 2821
    slice lists:	[ ]
    rotational clusters:	
        [[ingress::ig_md.attention_set.data_15<8> meta [0:7]]]

Best Score: {[n_set_gress: 1, n_inc_containers: 1, n_inc_small_containers: 1, n_mismatched_deparser_gress: 1, ], }
Allocation Decisions:
allocate: B41[0:7] <- ingress::ig_md.attention_set.data_15<8> meta [0:7] @[-1r,12w]
54: TRYING to allocate SUPERCLUSTER Uid: 2381
    slice lists:	[ ]
    rotational clusters:	
        [[ingress::ig_md.attention_set.data_23<8> meta [0:7]]]
Successfully Allocated
By slicing into the following superclusters:
SUPERCLUSTER Uid: 2822
    slice lists:	[ ]
    rotational clusters:	
        [[ingress::ig_md.attention_set.data_23<8> meta [0:7]]]

Best Score: {[n_overlay_bits: 8, ], }
Allocation Decisions:
allocate: B16[0:7] <- ingress::ig_md.attention_set.data_23<8> meta [0:7] @[-1r,12w]
55: TRYING to allocate SUPERCLUSTER Uid: 2358
    slice lists:	[ ]
    rotational clusters:	
        [[ingress::ig_md.attention_set.data_0<8> meta [0:7]]]
Successfully Allocated
By slicing into the following superclusters:
SUPERCLUSTER Uid: 2823
    slice lists:	[ ]
    rotational clusters:	
        [[ingress::ig_md.attention_set.data_0<8> meta [0:7]]]

Best Score: {[n_set_gress: 1, n_inc_containers: 1, n_inc_small_containers: 1, n_mismatched_deparser_gress: 1, ], }
Allocation Decisions:
allocate: B42[0:7] <- ingress::ig_md.attention_set.data_0<8> meta [0:7] @[-1r,12w]
56: TRYING to allocate SUPERCLUSTER Uid: 2359
    slice lists:	[ ]
    rotational clusters:	
        [[ingress::ig_md.attention_set.data_1<8> meta [0:7]]]
Successfully Allocated
By slicing into the following superclusters:
SUPERCLUSTER Uid: 2824
    slice lists:	[ ]
    rotational clusters:	
        [[ingress::ig_md.attention_set.data_1<8> meta [0:7]]]

Best Score: {[n_set_gress: 1, n_inc_containers: 1, n_inc_small_containers: 1, n_mismatched_deparser_gress: 1, ], }
Allocation Decisions:
allocate: B43[0:7] <- ingress::ig_md.attention_set.data_1<8> meta [0:7] @[-1r,12w]
57: TRYING to allocate SUPERCLUSTER Uid: 2360
    slice lists:	[ ]
    rotational clusters:	
        [[ingress::ig_md.attention_set.data_2<8> meta [0:7]]]
Successfully Allocated
By slicing into the following superclusters:
SUPERCLUSTER Uid: 2825
    slice lists:	[ ]
    rotational clusters:	
        [[ingress::ig_md.attention_set.data_2<8> meta [0:7]]]

Best Score: {[n_set_gress: 1, n_inc_containers: 1, n_inc_small_containers: 1, n_mismatched_deparser_gress: 1, ], }
Allocation Decisions:
allocate: B44[0:7] <- ingress::ig_md.attention_set.data_2<8> meta [0:7] @[-1r,12w]
58: TRYING to allocate SUPERCLUSTER Uid: 2361
    slice lists:	[ ]
    rotational clusters:	
        [[ingress::ig_md.attention_set.data_3<8> meta [0:7]]]
Successfully Allocated
By slicing into the following superclusters:
SUPERCLUSTER Uid: 2826
    slice lists:	[ ]
    rotational clusters:	
        [[ingress::ig_md.attention_set.data_3<8> meta [0:7]]]

Best Score: {[n_set_gress: 1, n_inc_containers: 1, n_inc_small_containers: 1, n_mismatched_deparser_gress: 1, ], }
Allocation Decisions:
allocate: B45[0:7] <- ingress::ig_md.attention_set.data_3<8> meta [0:7] @[-1r,12w]
59: TRYING to allocate SUPERCLUSTER Uid: 2362
    slice lists:	[ ]
    rotational clusters:	
        [[ingress::ig_md.attention_set.data_4<8> meta [0:7]]]
Successfully Allocated
By slicing into the following superclusters:
SUPERCLUSTER Uid: 2827
    slice lists:	[ ]
    rotational clusters:	
        [[ingress::ig_md.attention_set.data_4<8> meta [0:7]]]

Best Score: {[n_set_gress: 1, n_inc_containers: 1, n_inc_small_containers: 1, n_mismatched_deparser_gress: 1, ], }
Allocation Decisions:
allocate: B46[0:7] <- ingress::ig_md.attention_set.data_4<8> meta [0:7] @[-1r,12w]
60: TRYING to allocate SUPERCLUSTER Uid: 2363
    slice lists:	[ ]
    rotational clusters:	
        [[ingress::ig_md.attention_set.data_5<8> meta [0:7]]]
Successfully Allocated
By slicing into the following superclusters:
SUPERCLUSTER Uid: 2828
    slice lists:	[ ]
    rotational clusters:	
        [[ingress::ig_md.attention_set.data_5<8> meta [0:7]]]

Best Score: {[n_set_gress: 1, n_inc_containers: 1, n_inc_small_containers: 1, n_mismatched_deparser_gress: 1, ], }
Allocation Decisions:
allocate: B47[0:7] <- ingress::ig_md.attention_set.data_5<8> meta [0:7] @[-1r,12w]
61: TRYING to allocate SUPERCLUSTER Uid: 2364
    slice lists:	[ ]
    rotational clusters:	
        [[ingress::ig_md.attention_set.data_6<8> meta [0:7]]]
Successfully Allocated
By slicing into the following superclusters:
SUPERCLUSTER Uid: 2829
    slice lists:	[ ]
    rotational clusters:	
        [[ingress::ig_md.attention_set.data_6<8> meta [0:7]]]

Best Score: {[n_set_gress: 1, n_inc_containers: 1, n_inc_small_containers: 1, n_mismatched_deparser_gress: 1, ], }
Allocation Decisions:
allocate: H5[0:7] <- ingress::ig_md.attention_set.data_6<8> meta [0:7] @[-1r,12w]
62: TRYING to allocate SUPERCLUSTER Uid: 2368
    slice lists:	[ ]
    rotational clusters:	
        [[ingress::ig_md.attention_set.data_10<8> meta [0:7]]]
Successfully Allocated
By slicing into the following superclusters:
SUPERCLUSTER Uid: 2830
    slice lists:	[ ]
    rotational clusters:	
        [[ingress::ig_md.attention_set.data_10<8> meta [0:7]]]

Best Score: {[n_packing_bits: 8, n_packing_priority: 100000, ], }
Allocation Decisions:
allocate: H5[8:15] <- ingress::ig_md.attention_set.data_10<8> meta [0:7] @[-1r,12w]
63: TRYING to allocate SUPERCLUSTER Uid: 2369
    slice lists:	[ ]
    rotational clusters:	
        [[ingress::ig_md.attention_set.data_11<8> meta [0:7]]]
Successfully Allocated
By slicing into the following superclusters:
SUPERCLUSTER Uid: 2831
    slice lists:	[ ]
    rotational clusters:	
        [[ingress::ig_md.attention_set.data_11<8> meta [0:7]]]

Best Score: {[n_set_gress: 1, n_inc_containers: 1, n_inc_small_containers: 1, n_mismatched_deparser_gress: 1, ], }
Allocation Decisions:
allocate: H6[0:7] <- ingress::ig_md.attention_set.data_11<8> meta [0:7] @[-1r,12w]
64: TRYING to allocate SUPERCLUSTER Uid: 2370
    slice lists:	[ ]
    rotational clusters:	
        [[ingress::ig_md.attention_set.data_12<8> meta [0:7]]]
Successfully Allocated
By slicing into the following superclusters:
SUPERCLUSTER Uid: 2832
    slice lists:	[ ]
    rotational clusters:	
        [[ingress::ig_md.attention_set.data_12<8> meta [0:7]]]

Best Score: {[n_set_gress: 1, n_inc_containers: 1, n_inc_small_containers: 1, n_mismatched_deparser_gress: 1, ], }
Allocation Decisions:
allocate: H7[0:7] <- ingress::ig_md.attention_set.data_12<8> meta [0:7] @[-1r,12w]
65: TRYING to allocate SUPERCLUSTER Uid: 2371
    slice lists:	[ ]
    rotational clusters:	
        [[ingress::ig_md.attention_set.data_13<8> meta [0:7]]]
Successfully Allocated
By slicing into the following superclusters:
SUPERCLUSTER Uid: 2833
    slice lists:	[ ]
    rotational clusters:	
        [[ingress::ig_md.attention_set.data_13<8> meta [0:7]]]

Best Score: {[n_packing_bits: 8, n_packing_priority: 100000, ], }
Allocation Decisions:
allocate: H6[8:15] <- ingress::ig_md.attention_set.data_13<8> meta [0:7] @[-1r,12w]
66: TRYING to allocate SUPERCLUSTER Uid: 2372
    slice lists:	[ ]
    rotational clusters:	
        [[ingress::ig_md.attention_set.data_14<8> meta [0:7]]]
Successfully Allocated
By slicing into the following superclusters:
SUPERCLUSTER Uid: 2834
    slice lists:	[ ]
    rotational clusters:	
        [[ingress::ig_md.attention_set.data_14<8> meta [0:7]]]

Best Score: {[n_packing_bits: 8, n_packing_priority: 100000, ], }
Allocation Decisions:
allocate: H7[8:15] <- ingress::ig_md.attention_set.data_14<8> meta [0:7] @[-1r,12w]
67: TRYING to allocate SUPERCLUSTER Uid: 2374
    slice lists:	[ ]
    rotational clusters:	
        [[ingress::ig_md.attention_set.data_16<8> meta [0:7]]]
Successfully Allocated
By slicing into the following superclusters:
SUPERCLUSTER Uid: 2835
    slice lists:	[ ]
    rotational clusters:	
        [[ingress::ig_md.attention_set.data_16<8> meta [0:7]]]

Best Score: {[n_overlay_bits: 8, ], }
Allocation Decisions:
allocate: B42[0:7] <- ingress::ig_md.attention_set.data_16<8> meta [0:7] @[-1r,12w]
68: TRYING to allocate SUPERCLUSTER Uid: 2375
    slice lists:	[ ]
    rotational clusters:	
        [[ingress::ig_md.attention_set.data_17<8> meta [0:7]]]
Successfully Allocated
By slicing into the following superclusters:
SUPERCLUSTER Uid: 2836
    slice lists:	[ ]
    rotational clusters:	
        [[ingress::ig_md.attention_set.data_17<8> meta [0:7]]]

Best Score: {[n_overlay_bits: 8, ], }
Allocation Decisions:
allocate: B43[0:7] <- ingress::ig_md.attention_set.data_17<8> meta [0:7] @[-1r,12w]
69: TRYING to allocate SUPERCLUSTER Uid: 2377
    slice lists:	[ ]
    rotational clusters:	
        [[ingress::ig_md.attention_set.data_19<8> meta [0:7]]]
Successfully Allocated
By slicing into the following superclusters:
SUPERCLUSTER Uid: 2837
    slice lists:	[ ]
    rotational clusters:	
        [[ingress::ig_md.attention_set.data_19<8> meta [0:7]]]

Best Score: {[n_overlay_bits: 8, ], }
Allocation Decisions:
allocate: B44[0:7] <- ingress::ig_md.attention_set.data_19<8> meta [0:7] @[-1r,12w]
70: TRYING to allocate SUPERCLUSTER Uid: 2378
    slice lists:	[ ]
    rotational clusters:	
        [[ingress::ig_md.attention_set.data_20<8> meta [0:7]]]
Successfully Allocated
By slicing into the following superclusters:
SUPERCLUSTER Uid: 2838
    slice lists:	[ ]
    rotational clusters:	
        [[ingress::ig_md.attention_set.data_20<8> meta [0:7]]]

Best Score: {[n_overlay_bits: 8, ], }
Allocation Decisions:
allocate: B45[0:7] <- ingress::ig_md.attention_set.data_20<8> meta [0:7] @[-1r,12w]
71: TRYING to allocate SUPERCLUSTER Uid: 2379
    slice lists:	[ ]
    rotational clusters:	
        [[ingress::ig_md.attention_set.data_21<8> meta [0:7]]]
Successfully Allocated
By slicing into the following superclusters:
SUPERCLUSTER Uid: 2839
    slice lists:	[ ]
    rotational clusters:	
        [[ingress::ig_md.attention_set.data_21<8> meta [0:7]]]

Best Score: {[n_overlay_bits: 8, ], }
Allocation Decisions:
allocate: B46[0:7] <- ingress::ig_md.attention_set.data_21<8> meta [0:7] @[-1r,12w]
72: TRYING to allocate SUPERCLUSTER Uid: 2380
    slice lists:	[ ]
    rotational clusters:	
        [[ingress::ig_md.attention_set.data_22<8> meta [0:7]]]
Successfully Allocated
By slicing into the following superclusters:
SUPERCLUSTER Uid: 2840
    slice lists:	[ ]
    rotational clusters:	
        [[ingress::ig_md.attention_set.data_22<8> meta [0:7]]]

Best Score: {[n_overlay_bits: 8, ], }
Allocation Decisions:
allocate: B47[0:7] <- ingress::ig_md.attention_set.data_22<8> meta [0:7] @[-1r,12w]
73: TRYING to allocate SUPERCLUSTER Uid: 2382
    slice lists:	[ ]
    rotational clusters:	
        [[ingress::ig_md.attention_set.data_24<8> meta [0:7]]]
Successfully Allocated
By slicing into the following superclusters:
SUPERCLUSTER Uid: 2841
    slice lists:	[ ]
    rotational clusters:	
        [[ingress::ig_md.attention_set.data_24<8> meta [0:7]]]

Best Score: {[n_overlay_bits: 8, ], }
Allocation Decisions:
allocate: B2[0:7] <- ingress::ig_md.attention_set.data_24<8> meta [0:7] @[-1r,12w]
74: TRYING to allocate SUPERCLUSTER Uid: 2383
    slice lists:	[ ]
    rotational clusters:	
        [[ingress::ig_md.attention_set.data_25<8> meta [0:7]]]
Successfully Allocated
By slicing into the following superclusters:
SUPERCLUSTER Uid: 2842
    slice lists:	[ ]
    rotational clusters:	
        [[ingress::ig_md.attention_set.data_25<8> meta [0:7]]]

Best Score: {[n_overlay_bits: 8, ], }
Allocation Decisions:
allocate: B11[0:7] <- ingress::ig_md.attention_set.data_25<8> meta [0:7] @[-1r,12w]
75: TRYING to allocate SUPERCLUSTER Uid: 2384
    slice lists:	[ ]
    rotational clusters:	
        [[ingress::ig_md.attention_set.data_26<8> meta [0:7]]]
Successfully Allocated
By slicing into the following superclusters:
SUPERCLUSTER Uid: 2843
    slice lists:	[ ]
    rotational clusters:	
        [[ingress::ig_md.attention_set.data_26<8> meta [0:7]]]

Best Score: {[n_overlay_bits: 8, ], }
Allocation Decisions:
allocate: B17[0:7] <- ingress::ig_md.attention_set.data_26<8> meta [0:7] @[-1r,12w]
76: TRYING to allocate SUPERCLUSTER Uid: 2387
    slice lists:	[ ]
    rotational clusters:	
        [[ingress::ig_md.attention_set.data_29<8> meta [0:7]]]
Successfully Allocated
By slicing into the following superclusters:
SUPERCLUSTER Uid: 2844
    slice lists:	[ ]
    rotational clusters:	
        [[ingress::ig_md.attention_set.data_29<8> meta [0:7]]]

Best Score: {[n_overlay_bits: 8, ], }
Allocation Decisions:
allocate: B18[0:7] <- ingress::ig_md.attention_set.data_29<8> meta [0:7] @[-1r,12w]
77: TRYING to allocate SUPERCLUSTER Uid: 2388
    slice lists:	[ ]
    rotational clusters:	
        [[ingress::ig_md.attention_set.data_30<8> meta [0:7]]]
Successfully Allocated
By slicing into the following superclusters:
SUPERCLUSTER Uid: 2845
    slice lists:	[ ]
    rotational clusters:	
        [[ingress::ig_md.attention_set.data_30<8> meta [0:7]]]

Best Score: {[n_overlay_bits: 8, ], }
Allocation Decisions:
allocate: B19[0:7] <- ingress::ig_md.attention_set.data_30<8> meta [0:7] @[-1r,12w]
78: TRYING to allocate SUPERCLUSTER Uid: 2389
    slice lists:	[ ]
    rotational clusters:	
        [[ingress::ig_md.attention_set.data_31<8> meta [0:7]]]
Successfully Allocated
By slicing into the following superclusters:
SUPERCLUSTER Uid: 2846
    slice lists:	[ ]
    rotational clusters:	
        [[ingress::ig_md.attention_set.data_31<8> meta [0:7]]]

Best Score: {[n_overlay_bits: 8, ], }
Allocation Decisions:
allocate: B20[0:7] <- ingress::ig_md.attention_set.data_31<8> meta [0:7] @[-1r,12w]
79: TRYING to allocate SUPERCLUSTER Uid: 2366
    slice lists:	[ ]
    rotational clusters:	
        [[ingress::ig_md.attention_set.data_8<8> meta [0:7]]]
Successfully Allocated
By slicing into the following superclusters:
SUPERCLUSTER Uid: 2847
    slice lists:	[ ]
    rotational clusters:	
        [[ingress::ig_md.attention_set.data_8<8> meta [0:7]]]

Best Score: {[n_set_gress: 1, n_inc_containers: 1, n_inc_small_containers: 1, n_mismatched_deparser_gress: 1, ], }
Allocation Decisions:
allocate: H8[0:7] <- ingress::ig_md.attention_set.data_8<8> meta [0:7] @[-1r,12w]
80: TRYING to allocate SUPERCLUSTER Uid: 2385
    slice lists:	[ ]
    rotational clusters:	
        [[ingress::ig_md.attention_set.data_27<8> meta [0:7]]]
Successfully Allocated
By slicing into the following superclusters:
SUPERCLUSTER Uid: 2848
    slice lists:	[ ]
    rotational clusters:	
        [[ingress::ig_md.attention_set.data_27<8> meta [0:7]]]

Best Score: {[n_overlay_bits: 8, ], }
Allocation Decisions:
allocate: B21[0:7] <- ingress::ig_md.attention_set.data_27<8> meta [0:7] @[-1r,12w]
81: TRYING to allocate SUPERCLUSTER Uid: 2386
    slice lists:	[ ]
    rotational clusters:	
        [[ingress::ig_md.attention_set.data_28<8> meta [0:7]]]
Successfully Allocated
By slicing into the following superclusters:
SUPERCLUSTER Uid: 2849
    slice lists:	[ ]
    rotational clusters:	
        [[ingress::ig_md.attention_set.data_28<8> meta [0:7]]]

Best Score: {[n_overlay_bits: 8, ], }
Allocation Decisions:
allocate: B28[0:7] <- ingress::ig_md.attention_set.data_28<8> meta [0:7] @[-1r,12w]
82: TRYING to allocate SUPERCLUSTER Uid: 2339
    slice lists:	[ ]
    rotational clusters:	
        [[ingress::ig_md.gamma_ba<8> meta [0:7]]]
Successfully Allocated
By slicing into the following superclusters:
SUPERCLUSTER Uid: 2850
    slice lists:	[ ]
    rotational clusters:	
        [[ingress::ig_md.gamma_ba<8> meta [0:7]]]

Best Score: {[n_overlay_bits: 8, ], }
Allocation Decisions:
allocate: B1[0:7] <- ingress::ig_md.gamma_ba<8> meta [0:7] @[-1r,12w]
83: TRYING to allocate SUPERCLUSTER Uid: 2365
    slice lists:	[ ]
    rotational clusters:	
        [[ingress::ig_md.attention_set.data_7<8> meta [0:7]]]
Successfully Allocated
By slicing into the following superclusters:
SUPERCLUSTER Uid: 2851
    slice lists:	[ ]
    rotational clusters:	
        [[ingress::ig_md.attention_set.data_7<8> meta [0:7]]]

Best Score: {[n_packing_bits: 8, n_packing_priority: 100000, ], }
Allocation Decisions:
allocate: H8[8:15] <- ingress::ig_md.attention_set.data_7<8> meta [0:7] @[-1r,12w]
84: TRYING to allocate SUPERCLUSTER Uid: 2433
    slice lists:	
        [ egress::eg_intr_md._pad_eg_int_md<8> intrinsic mocha [0:7]
          egress::eg_intr_md.pkt_length<16> intrinsic [0:15]
          egress::eg_intr_md.deflection_flag<1> intrinsic [0:0]
          egress::eg_intr_md._pad10<7> intrinsic mocha [0:6] ]
    rotational clusters:	
        [[egress::eg_intr_md._pad_eg_int_md<8> intrinsic mocha [0:7]]]
        [[egress::eg_intr_md.pkt_length<16> intrinsic [0:15]]]
        [[egress::eg_intr_md.deflection_flag<1> intrinsic [0:0]]]
        [[egress::eg_intr_md._pad10<7> intrinsic mocha [0:6]]]
Successfully Allocated
By slicing into the following superclusters:
SUPERCLUSTER Uid: 2856
    slice lists:	
        [ egress::eg_intr_md._pad_eg_int_md<8> intrinsic mocha [0:7]
          egress::eg_intr_md.pkt_length<16> intrinsic [0:15]
          egress::eg_intr_md.deflection_flag<1> intrinsic [0:0]
          egress::eg_intr_md._pad10<7> intrinsic mocha [0:6] ]
    rotational clusters:	
        [[egress::eg_intr_md._pad_eg_int_md<8> intrinsic mocha [0:7]]]
        [[egress::eg_intr_md.pkt_length<16> intrinsic [0:15]]]
        [[egress::eg_intr_md.deflection_flag<1> intrinsic [0:0]]]
        [[egress::eg_intr_md._pad10<7> intrinsic mocha [0:6]]]

Best Score: {}
Allocation Decisions:
85: TRYING to allocate SUPERCLUSTER Uid: 2441
    slice lists:	
        [ egress::eg_intr_md.deq_timedelta<18> intrinsic [0:17]
          egress::eg_intr_md._pad6<14> intrinsic mocha [0:13] ]
    rotational clusters:	
        [[egress::eg_intr_md.deq_timedelta<18> intrinsic [0:17]]]
        [[egress::eg_intr_md._pad6<14> intrinsic mocha [0:13]]]
Successfully Allocated
By slicing into the following superclusters:
SUPERCLUSTER Uid: 2884
    slice lists:	
        [ egress::eg_intr_md.deq_timedelta<18> intrinsic [0:17]
          egress::eg_intr_md._pad6<14> intrinsic mocha [0:13] ]
    rotational clusters:	
        [[egress::eg_intr_md.deq_timedelta<18> intrinsic [0:17]]]
        [[egress::eg_intr_md._pad6<14> intrinsic mocha [0:13]]]

Best Score: {}
Allocation Decisions:
86: TRYING to allocate SUPERCLUSTER Uid: 2449
    slice lists:	
        [ egress::eg_intr_md.deq_qdepth<19> intrinsic [0:18]
          egress::eg_intr_md._pad4<5> intrinsic mocha [0:4]
          egress::eg_intr_md.enq_tstamp<18> intrinsic [0:7] ]
    rotational clusters:	
        [[egress::eg_intr_md.deq_qdepth<19> intrinsic [0:18]]]
        [[egress::eg_intr_md._pad4<5> intrinsic mocha [0:4]]]
        [[egress::eg_intr_md.enq_tstamp<18> intrinsic [0:7]]]
Successfully Allocated
By slicing into the following superclusters:
SUPERCLUSTER Uid: 2928
    slice lists:	
        [ egress::eg_intr_md.deq_qdepth<19> intrinsic [0:18]
          egress::eg_intr_md._pad4<5> intrinsic mocha [0:4]
          egress::eg_intr_md.enq_tstamp<18> intrinsic [0:7] ]
    rotational clusters:	
        [[egress::eg_intr_md.deq_qdepth<19> intrinsic [0:18]]]
        [[egress::eg_intr_md._pad4<5> intrinsic mocha [0:4]]]
        [[egress::eg_intr_md.enq_tstamp<18> intrinsic [0:7]]]

Best Score: {}
Allocation Decisions:
87: TRYING to allocate SUPERCLUSTER Uid: 2451
    slice lists:	
        [ egress::eg_intr_md.enq_tstamp<18> intrinsic [8:17]
          egress::eg_intr_md._pad3<14> intrinsic mocha [0:13]
          egress::eg_intr_md.enq_congest_stat<2> intrinsic [0:1]
          egress::eg_intr_md._pad2<6> intrinsic mocha [0:5] ]
    rotational clusters:	
        [[egress::eg_intr_md.enq_tstamp<18> intrinsic [8:17]]]
        [[egress::eg_intr_md._pad3<14> intrinsic mocha [0:13]]]
        [[egress::eg_intr_md.enq_congest_stat<2> intrinsic [0:1]]]
        [[egress::eg_intr_md._pad2<6> intrinsic mocha [0:5]]]
Successfully Allocated
By slicing into the following superclusters:
SUPERCLUSTER Uid: 2960
    slice lists:	
        [ egress::eg_intr_md.enq_tstamp<18> intrinsic [8:17]
          egress::eg_intr_md._pad3<14> intrinsic mocha [0:13]
          egress::eg_intr_md.enq_congest_stat<2> intrinsic [0:1]
          egress::eg_intr_md._pad2<6> intrinsic mocha [0:5] ]
    rotational clusters:	
        [[egress::eg_intr_md.enq_tstamp<18> intrinsic [8:17]]]
        [[egress::eg_intr_md._pad3<14> intrinsic mocha [0:13]]]
        [[egress::eg_intr_md.enq_congest_stat<2> intrinsic [0:1]]]
        [[egress::eg_intr_md._pad2<6> intrinsic mocha [0:5]]]

Best Score: {}
Allocation Decisions:
88: TRYING to allocate SUPERCLUSTER Uid: 2453
    slice lists:	
        [ egress::eg_intr_md.enq_qdepth<19> intrinsic [0:18]
          egress::eg_intr_md._pad1<5> intrinsic mocha [0:4] ]
    rotational clusters:	
        [[egress::eg_intr_md.enq_qdepth<19> intrinsic [0:18]]]
        [[egress::eg_intr_md._pad1<5> intrinsic mocha [0:4]]]
Successfully Allocated
By slicing into the following superclusters:
SUPERCLUSTER Uid: 2992
    slice lists:	
        [ egress::eg_intr_md.enq_qdepth<19> intrinsic [0:18]
          egress::eg_intr_md._pad1<5> intrinsic mocha [0:4] ]
    rotational clusters:	
        [[egress::eg_intr_md.enq_qdepth<19> intrinsic [0:18]]]
        [[egress::eg_intr_md._pad1<5> intrinsic mocha [0:4]]]

Best Score: {}
Allocation Decisions:
89: TRYING to allocate SUPERCLUSTER Uid: 2435
    slice lists:	
        [ egress::eg_intr_md.egress_cos<3> intrinsic [0:2]
          egress::eg_intr_md._pad9<5> intrinsic mocha [0:4]
          egress::eg_intr_md.egress_qid<7> intrinsic [0:6]
          egress::eg_intr_md._pad8<1> intrinsic mocha [0:0] ]
    rotational clusters:	
        [[egress::eg_intr_md.egress_cos<3> intrinsic [0:2]]]
        [[egress::eg_intr_md._pad9<5> intrinsic mocha [0:4]]]
        [[egress::eg_intr_md.egress_qid<7> intrinsic [0:6]]]
        [[egress::eg_intr_md._pad8<1> intrinsic mocha [0:0]]]
Successfully Allocated
By slicing into the following superclusters:
SUPERCLUSTER Uid: 3016
    slice lists:	
        [ egress::eg_intr_md.egress_cos<3> intrinsic [0:2]
          egress::eg_intr_md._pad9<5> intrinsic mocha [0:4]
          egress::eg_intr_md.egress_qid<7> intrinsic [0:6]
          egress::eg_intr_md._pad8<1> intrinsic mocha [0:0] ]
    rotational clusters:	
        [[egress::eg_intr_md.egress_cos<3> intrinsic [0:2]]]
        [[egress::eg_intr_md._pad9<5> intrinsic mocha [0:4]]]
        [[egress::eg_intr_md.egress_qid<7> intrinsic [0:6]]]
        [[egress::eg_intr_md._pad8<1> intrinsic mocha [0:0]]]

Best Score: {}
Allocation Decisions:
90: TRYING to allocate SUPERCLUSTER Uid: 2440
    slice lists:	
        [ egress::eg_intr_md.egress_rid<16> intrinsic [0:15] ]
    rotational clusters:	
        [[egress::eg_intr_md.egress_rid<16> intrinsic [0:15]]]
Successfully Allocated
By slicing into the following superclusters:
SUPERCLUSTER Uid: 3023
    slice lists:	
        [ egress::eg_intr_md.egress_rid<16> intrinsic [0:15] ]
    rotational clusters:	
        [[egress::eg_intr_md.egress_rid<16> intrinsic [0:15]]]

Best Score: {}
Allocation Decisions:
91: TRYING to allocate SUPERCLUSTER Uid: 2443
    slice lists:	
        [ egress::eg_intr_md.app_pool_congest_stat<8> intrinsic [0:7]
          egress::eg_intr_md.deq_congest_stat<2> intrinsic [0:1]
          egress::eg_intr_md._pad5<6> intrinsic mocha [0:5] ]
    rotational clusters:	
        [[egress::eg_intr_md.app_pool_congest_stat<8> intrinsic [0:7]]]
        [[egress::eg_intr_md.deq_congest_stat<2> intrinsic [0:1]]]
        [[egress::eg_intr_md._pad5<6> intrinsic mocha [0:5]]]
Successfully Allocated
By slicing into the following superclusters:
SUPERCLUSTER Uid: 3034
    slice lists:	
        [ egress::eg_intr_md.app_pool_congest_stat<8> intrinsic [0:7]
          egress::eg_intr_md.deq_congest_stat<2> intrinsic [0:1]
          egress::eg_intr_md._pad5<6> intrinsic mocha [0:5] ]
    rotational clusters:	
        [[egress::eg_intr_md.app_pool_congest_stat<8> intrinsic [0:7]]]
        [[egress::eg_intr_md.deq_congest_stat<2> intrinsic [0:1]]]
        [[egress::eg_intr_md._pad5<6> intrinsic mocha [0:5]]]

Best Score: {}
Allocation Decisions:
92: TRYING to allocate SUPERCLUSTER Uid: 2338
    slice lists:	[ ]
    rotational clusters:	
        [[ingress::ig_md.offset<8> meta [0:7]]]
Successfully Allocated
By slicing into the following superclusters:
SUPERCLUSTER Uid: 3037
    slice lists:	[ ]
    rotational clusters:	
        [[ingress::ig_md.offset<8> meta [0:7]]]

Best Score: {[n_overlay_bits: 8, ], }
Allocation Decisions:
allocate: B2[0:7] <- ingress::ig_md.offset<8> meta [0:7] @[-1r,12w]
93: TRYING to allocate SUPERCLUSTER Uid: 2437
    slice lists:	
        [ egress::eg_intr_md.egress_rid_first<1> intrinsic [0:0]
          egress::eg_intr_md._pad7<7> intrinsic mocha [0:6] ]
    rotational clusters:	
        [[egress::eg_intr_md.egress_rid_first<1> intrinsic [0:0]]]
        [[egress::eg_intr_md._pad7<7> intrinsic mocha [0:6]]]
Successfully Allocated
By slicing into the following superclusters:
SUPERCLUSTER Uid: 3041
    slice lists:	
        [ egress::eg_intr_md.egress_rid_first<1> intrinsic [0:0]
          egress::eg_intr_md._pad7<7> intrinsic mocha [0:6] ]
    rotational clusters:	
        [[egress::eg_intr_md.egress_rid_first<1> intrinsic [0:0]]]
        [[egress::eg_intr_md._pad7<7> intrinsic mocha [0:6]]]

Best Score: {}
Allocation Decisions:

